<!doctype html public "-//w3c//dtd html 4.0 transitional//en">
<html><head>
<title>Static Call Graph - [..\OBJ\F429_Main_Ctrl.axf]</title></head>
<body><HR>
<H1>Static Call Graph for image ..\OBJ\F429_Main_Ctrl.axf</H1><HR>
<BR><P>#&#060CALLGRAPH&#062# ARM Linker, 6150002: Last Updated: Tue Dec 29 13:53:39 2020
<BR><P>
<H3>Maximum Stack Usage =       3272 bytes + Unknown(Functions without stacksize, Cycles, Untraceable Function Pointers)</H3><H3>
Call chain for Maximum Stack Depth:</H3>
__rt_lib_init_stdio_2 &rArr; _initio &rArr; freopen &rArr; _fclose_internal &rArr; remove &rArr; FF_RmFile &rArr; FF_Open &rArr; FF_CreateFile &rArr; FF_CreateDirent &rArr; FF_FindShortName &rArr; FF_FindEntryInDir &rArr; FF_PopulateLongDirent &rArr; FF_FetchEntryWithContext &rArr; FF_Traverse &rArr; FF_TraverseFAT &rArr; FF_getFATEntry &rArr; prvGetFromFATBuffers &rArr; FF_GetBuffer &rArr; FF_ReleaseSemaphore &rArr; xQueueGiveMutexRecursive &rArr; xQueueGenericSend &rArr; prvUnlockQueue &rArr; prvNotifyQueueSetContainer &rArr; prvCopyDataToQueue &rArr; xTaskPriorityDisinherit &rArr; __2printf &rArr; _printf_char_file &rArr; _printf_char_common &rArr; __printf
<P>
<H3>
Functions with no stack information
</H3><UL>
 <LI><a href="#[169]">__user_initial_stackheap</a>
</UL>
</UL>
<P>
<H3>
Mutually Recursive functions
</H3> <LI><a href="#[24]">ADC_IRQHandler</a>&nbsp;&nbsp;&nbsp;&rArr;&nbsp;&nbsp;&nbsp;<a href="#[24]">ADC_IRQHandler</a><BR>
 <LI><a href="#[c]">BusFault_Handler</a>&nbsp;&nbsp;&nbsp;&rArr;&nbsp;&nbsp;&nbsp;<a href="#[c]">BusFault_Handler</a><BR>
 <LI><a href="#[2de]">_Alloc</a>&nbsp;&nbsp;&nbsp;&rArr;&nbsp;&nbsp;&nbsp;<a href="#[2e2]">_InitOnce</a><BR>
 <LI><a href="#[385]">WM__InvalidateRect</a>&nbsp;&nbsp;&nbsp;&rArr;&nbsp;&nbsp;&nbsp;<a href="#[385]">WM__InvalidateRect</a><BR>
 <LI><a href="#[39a]">WM_InvalidateWindowAndDescsEx</a>&nbsp;&nbsp;&nbsp;&rArr;&nbsp;&nbsp;&nbsp;<a href="#[39a]">WM_InvalidateWindowAndDescsEx</a><BR>
 <LI><a href="#[396]">WM__InvalidateDrawAndDescs</a>&nbsp;&nbsp;&nbsp;&rArr;&nbsp;&nbsp;&nbsp;<a href="#[396]">WM__InvalidateDrawAndDescs</a><BR>
 <LI><a href="#[380]">WM_SendToParent</a>&nbsp;&nbsp;&nbsp;&rArr;&nbsp;&nbsp;&nbsp;<a href="#[37d]">WM__SendMessage</a><BR>
 <LI><a href="#[3a7]">_Findy1</a>&nbsp;&nbsp;&nbsp;&rArr;&nbsp;&nbsp;&nbsp;<a href="#[3a7]">_Findy1</a><BR>
 <LI><a href="#[3a9]">_Findx1</a>&nbsp;&nbsp;&nbsp;&rArr;&nbsp;&nbsp;&nbsp;<a href="#[3a9]">_Findx1</a><BR>
 <LI><a href="#[3a8]">_Findx0</a>&nbsp;&nbsp;&nbsp;&rArr;&nbsp;&nbsp;&nbsp;<a href="#[3a8]">_Findx0</a><BR>
 <LI><a href="#[384]">_DeleteAllChildren</a>&nbsp;&nbsp;&nbsp;&rArr;&nbsp;&nbsp;&nbsp;<a href="#[381]">WM_DeleteWindow</a><BR>
 <LI><a href="#[3ac]">_PaintTransChildren</a>&nbsp;&nbsp;&nbsp;&rArr;&nbsp;&nbsp;&nbsp;<a href="#[3ac]">_PaintTransChildren</a><BR>
 <LI><a href="#[a]">HardFault_Handler</a>&nbsp;&nbsp;&nbsp;&rArr;&nbsp;&nbsp;&nbsp;<a href="#[a]">HardFault_Handler</a><BR>
 <LI><a href="#[b]">MemManage_Handler</a>&nbsp;&nbsp;&nbsp;&rArr;&nbsp;&nbsp;&nbsp;<a href="#[b]">MemManage_Handler</a><BR>
 <LI><a href="#[d]">UsageFault_Handler</a>&nbsp;&nbsp;&nbsp;&rArr;&nbsp;&nbsp;&nbsp;<a href="#[d]">UsageFault_Handler</a><BR>
 <LI><a href="#[8c]">touch_task</a>&nbsp;&nbsp;&nbsp;&rArr;&nbsp;&nbsp;&nbsp;<a href="#[8c]">touch_task</a><BR>
 <LI><a href="#[3ab]">_MoveDescendents</a>&nbsp;&nbsp;&nbsp;&rArr;&nbsp;&nbsp;&nbsp;<a href="#[3ab]">_MoveDescendents</a><BR>
 <LI><a href="#[3a0]">WM__UpdateChildPositions</a>&nbsp;&nbsp;&nbsp;&rArr;&nbsp;&nbsp;&nbsp;<a href="#[39e]">WM_ResizeWindow</a><BR>
 <LI><a href="#[3a3]">_Screen2hWin</a>&nbsp;&nbsp;&nbsp;&rArr;&nbsp;&nbsp;&nbsp;<a href="#[3a3]">_Screen2hWin</a><BR>
</UL>
<P>
<H3>
Function Pointers
</H3><UL>
 <LI><a href="#[24]">ADC_IRQHandler</a> from startup_stm32f429xx.o(.text) referenced from startup_stm32f429xx.o(RESET)
 <LI><a href="#[c]">BusFault_Handler</a> from stm32f4xx_it.o(.text.BusFault_Handler) referenced from startup_stm32f429xx.o(RESET)
 <LI><a href="#[26]">CAN1_RX0_IRQHandler</a> from startup_stm32f429xx.o(.text) referenced from startup_stm32f429xx.o(RESET)
 <LI><a href="#[27]">CAN1_RX1_IRQHandler</a> from startup_stm32f429xx.o(.text) referenced from startup_stm32f429xx.o(RESET)
 <LI><a href="#[28]">CAN1_SCE_IRQHandler</a> from startup_stm32f429xx.o(.text) referenced from startup_stm32f429xx.o(RESET)
 <LI><a href="#[25]">CAN1_TX_IRQHandler</a> from startup_stm32f429xx.o(.text) referenced from startup_stm32f429xx.o(RESET)
 <LI><a href="#[52]">CAN2_RX0_IRQHandler</a> from startup_stm32f429xx.o(.text) referenced from startup_stm32f429xx.o(RESET)
 <LI><a href="#[53]">CAN2_RX1_IRQHandler</a> from startup_stm32f429xx.o(.text) referenced from startup_stm32f429xx.o(RESET)
 <LI><a href="#[54]">CAN2_SCE_IRQHandler</a> from startup_stm32f429xx.o(.text) referenced from startup_stm32f429xx.o(RESET)
 <LI><a href="#[51]">CAN2_TX_IRQHandler</a> from startup_stm32f429xx.o(.text) referenced from startup_stm32f429xx.o(RESET)
 <LI><a href="#[78]">CUSTOM_CopyBuffer</a> from lcdconf_lin_template.o(.text.CUSTOM_CopyBuffer) referenced 2 times from lcdconf_lin_template.o(.text.LCD_X_Config)
 <LI><a href="#[79]">CUSTOM_CopyRect</a> from lcdconf_lin_template.o(.text.CUSTOM_CopyRect) referenced 2 times from lcdconf_lin_template.o(.text.LCD_X_Config)
 <LI><a href="#[71]">CUSTOM_FillRect</a> from lcdconf_lin_template.o(.text.CUSTOM_FillRect) referenced 2 times from lcdconf_lin_template.o(.text.CUSTOM_FillRect)
 <LI><a href="#[71]">CUSTOM_FillRect</a> from lcdconf_lin_template.o(.text.CUSTOM_FillRect) referenced 2 times from lcdconf_lin_template.o(.text.LCD_X_Config)
 <LI><a href="#[7c]">Color2IndexBulk_M1555IDMA2D</a> from lcdconf_lin_template.o(.text.Color2IndexBulk_M1555IDMA2D) referenced 2 times from lcdconf_lin_template.o(.text.LCD_X_Config)
 <LI><a href="#[80]">Color2IndexBulk_M4444IDMA2D</a> from lcdconf_lin_template.o(.text.Color2IndexBulk_M4444IDMA2D) referenced 2 times from lcdconf_lin_template.o(.text.LCD_X_Config)
 <LI><a href="#[7e]">Color2IndexBulk_M565DMA2D</a> from lcdconf_lin_template.o(.text.Color2IndexBulk_M565DMA2D) referenced 2 times from lcdconf_lin_template.o(.text.LCD_X_Config)
 <LI><a href="#[82]">Color2IndexBulk_M888DMA2D</a> from lcdconf_lin_template.o(.text.Color2IndexBulk_M888DMA2D) referenced 2 times from lcdconf_lin_template.o(.text.LCD_X_Config)
 <LI><a href="#[60]">DCMI_IRQHandler</a> from startup_stm32f429xx.o(.text) referenced from startup_stm32f429xx.o(RESET)
 <LI><a href="#[1d]">DMA1_Stream0_IRQHandler</a> from startup_stm32f429xx.o(.text) referenced from startup_stm32f429xx.o(RESET)
 <LI><a href="#[1e]">DMA1_Stream1_IRQHandler</a> from startup_stm32f429xx.o(.text) referenced from startup_stm32f429xx.o(RESET)
 <LI><a href="#[1f]">DMA1_Stream2_IRQHandler</a> from startup_stm32f429xx.o(.text) referenced from startup_stm32f429xx.o(RESET)
 <LI><a href="#[20]">DMA1_Stream3_IRQHandler</a> from startup_stm32f429xx.o(.text) referenced from startup_stm32f429xx.o(RESET)
 <LI><a href="#[21]">DMA1_Stream4_IRQHandler</a> from startup_stm32f429xx.o(.text) referenced from startup_stm32f429xx.o(RESET)
 <LI><a href="#[22]">DMA1_Stream5_IRQHandler</a> from startup_stm32f429xx.o(.text) referenced from startup_stm32f429xx.o(RESET)
 <LI><a href="#[23]">DMA1_Stream6_IRQHandler</a> from startup_stm32f429xx.o(.text) referenced from startup_stm32f429xx.o(RESET)
 <LI><a href="#[41]">DMA1_Stream7_IRQHandler</a> from startup_stm32f429xx.o(.text) referenced from startup_stm32f429xx.o(RESET)
 <LI><a href="#[84]">DMA2D_AlphaBlending</a> from lcdconf_lin_template.o(.text.DMA2D_AlphaBlending) referenced 2 times from lcdconf_lin_template.o(.text.LCD_X_Config)
 <LI><a href="#[6b]">DMA2D_IRQHandler</a> from startup_stm32f429xx.o(.text) referenced from startup_stm32f429xx.o(RESET)
 <LI><a href="#[86]">DMA2D_MixColors</a> from lcdconf_lin_template.o(.text.DMA2D_MixColors) referenced 2 times from lcdconf_lin_template.o(.text.LCD_X_Config)
 <LI><a href="#[4a]">DMA2_Stream0_IRQHandler</a> from startup_stm32f429xx.o(.text) referenced from startup_stm32f429xx.o(RESET)
 <LI><a href="#[4b]">DMA2_Stream1_IRQHandler</a> from startup_stm32f429xx.o(.text) referenced from startup_stm32f429xx.o(RESET)
 <LI><a href="#[4c]">DMA2_Stream2_IRQHandler</a> from startup_stm32f429xx.o(.text) referenced from startup_stm32f429xx.o(RESET)
 <LI><a href="#[4d]">DMA2_Stream3_IRQHandler</a> from ff_sddisk.o(.text.DMA2_Stream3_IRQHandler) referenced from startup_stm32f429xx.o(RESET)
 <LI><a href="#[4e]">DMA2_Stream4_IRQHandler</a> from startup_stm32f429xx.o(.text) referenced from startup_stm32f429xx.o(RESET)
 <LI><a href="#[56]">DMA2_Stream5_IRQHandler</a> from startup_stm32f429xx.o(.text) referenced from startup_stm32f429xx.o(RESET)
 <LI><a href="#[57]">DMA2_Stream6_IRQHandler</a> from ff_sddisk.o(.text.DMA2_Stream6_IRQHandler) referenced from startup_stm32f429xx.o(RESET)
 <LI><a href="#[58]">DMA2_Stream7_IRQHandler</a> from startup_stm32f429xx.o(.text) referenced from startup_stm32f429xx.o(RESET)
 <LI><a href="#[f]">DebugMon_Handler</a> from stm32f4xx_it.o(.text.DebugMon_Handler) referenced from startup_stm32f429xx.o(RESET)
 <LI><a href="#[8d]">EMWIN_task</a> from main.o(.text.EMWIN_task) referenced 2 times from main.o(.text.start_task)
 <LI><a href="#[4f]">ETH_IRQHandler</a> from startup_stm32f429xx.o(.text) referenced from startup_stm32f429xx.o(RESET)
 <LI><a href="#[50]">ETH_WKUP_IRQHandler</a> from startup_stm32f429xx.o(.text) referenced from startup_stm32f429xx.o(RESET)
 <LI><a href="#[18]">EXTI0_IRQHandler</a> from startup_stm32f429xx.o(.text) referenced from startup_stm32f429xx.o(RESET)
 <LI><a href="#[3a]">EXTI15_10_IRQHandler</a> from startup_stm32f429xx.o(.text) referenced from startup_stm32f429xx.o(RESET)
 <LI><a href="#[19]">EXTI1_IRQHandler</a> from startup_stm32f429xx.o(.text) referenced from startup_stm32f429xx.o(RESET)
 <LI><a href="#[1a]">EXTI2_IRQHandler</a> from startup_stm32f429xx.o(.text) referenced from startup_stm32f429xx.o(RESET)
 <LI><a href="#[1b]">EXTI3_IRQHandler</a> from startup_stm32f429xx.o(.text) referenced from startup_stm32f429xx.o(RESET)
 <LI><a href="#[1c]">EXTI4_IRQHandler</a> from startup_stm32f429xx.o(.text) referenced from startup_stm32f429xx.o(RESET)
 <LI><a href="#[29]">EXTI9_5_IRQHandler</a> from startup_stm32f429xx.o(.text) referenced from startup_stm32f429xx.o(RESET)
 <LI><a href="#[16]">FLASH_IRQHandler</a> from startup_stm32f429xx.o(.text) referenced from startup_stm32f429xx.o(RESET)
 <LI><a href="#[42]">FMC_IRQHandler</a> from startup_stm32f429xx.o(.text) referenced from startup_stm32f429xx.o(RESET)
 <LI><a href="#[62]">FPU_IRQHandler</a> from startup_stm32f429xx.o(.text) referenced from startup_stm32f429xx.o(RESET)
 <LI><a href="#[e2]">GUIMONO_DispChar</a> from gui_charm.o(i.GUIMONO_DispChar) referenced from f6x8.o(.constdata)
 <LI><a href="#[e3]">GUIMONO_GetCharDistX</a> from gui_charm.o(i.GUIMONO_GetCharDistX) referenced from f6x8.o(.constdata)
 <LI><a href="#[e4]">GUIMONO_GetFontInfo</a> from gui_charm.o(i.GUIMONO_GetFontInfo) referenced from f6x8.o(.constdata)
 <LI><a href="#[e5]">GUIMONO_IsInFont</a> from gui_charm.o(i.GUIMONO_IsInFont) referenced from f6x8.o(.constdata)
 <LI><a href="#[e6]">GUIPROP_DispChar</a> from gui_charp.o(i.GUIPROP_DispChar) referenced from f16_1.o(.constdata)
 <LI><a href="#[e7]">GUIPROP_GetCharDistX</a> from gui_charp.o(i.GUIPROP_GetCharDistX) referenced from f16_1.o(.constdata)
 <LI><a href="#[e8]">GUIPROP_GetFontInfo</a> from gui_charp.o(i.GUIPROP_GetFontInfo) referenced from f16_1.o(.constdata)
 <LI><a href="#[e9]">GUIPROP_IsInFont</a> from gui_charp.o(i.GUIPROP_IsInFont) referenced from f16_1.o(.constdata)
 <LI><a href="#[9e]">GUI_MEMDEV_Paint1Static</a> from guidev_staticdevices.o(i.GUI_MEMDEV_Paint1Static) referenced from wm.o(i.WM__PaintWinAndOverlays)
 <LI><a href="#[9e]">GUI_MEMDEV_Paint1Static</a> from guidev_staticdevices.o(i.GUI_MEMDEV_Paint1Static) referenced from wm.o(i._PaintTransChildren)
 <LI><a href="#[b1]">GUI_MEMDEV__WriteToActiveAlpha</a> from guidev_writetoactivealpha.o(i.GUI_MEMDEV__WriteToActiveAlpha) referenced from guidev_32.o(i._GetDevFunc)
 <LI><a href="#[b0]">GUI_MEMDEV__WriteToActiveOpaque</a> from guidev_writetoactiveopaque.o(i.GUI_MEMDEV__WriteToActiveOpaque) referenced from guidev_16.o(i._GetDevFunc)
 <LI><a href="#[10c]">GUI_USAGE_BM_AddHLine</a> from guidev_usagebm.o(i.GUI_USAGE_BM_AddHLine) referenced from guidev_usagebm.o(.constdata)
 <LI><a href="#[10b]">GUI_USAGE_BM_AddPixel</a> from guidev_usagebm.o(i.GUI_USAGE_BM_AddPixel) referenced from guidev_usagebm.o(.constdata)
 <LI><a href="#[10d]">GUI_USAGE_BM_Clear</a> from guidev_usagebm.o(i.GUI_USAGE_BM_Clear) referenced from guidev_usagebm.o(.constdata)
 <LI><a href="#[10f]">GUI_USAGE_BM_GetNextDirty</a> from guidev_usagebm.o(i.GUI_USAGE_BM_GetNextDirty) referenced from guidev_usagebm.o(.constdata)
 <LI><a href="#[6]">GUI_X_ExecIdle</a> from gui_x_freertos.o(.text.GUI_X_ExecIdle) referenced 2 times from gui_waitevent.o(.data)
 <LI><a href="#[0]">GUI__MixColors</a> from gui__alpha.o(i.GUI__MixColors) referenced 2 times from gui__alpha.o(.data)
 <LI><a href="#[1]">GUI__MixColorsBulk</a> from gui__alpha.o(i.GUI__MixColorsBulk) referenced 2 times from gui__alpha.o(.data)
 <LI><a href="#[61]">HASH_RNG_IRQHandler</a> from startup_stm32f429xx.o(.text) referenced from startup_stm32f429xx.o(RESET)
 <LI><a href="#[a]">HardFault_Handler</a> from stm32f4xx_it.o(.text.HardFault_Handler) referenced from startup_stm32f429xx.o(RESET)
 <LI><a href="#[32]">I2C1_ER_IRQHandler</a> from startup_stm32f429xx.o(.text) referenced from startup_stm32f429xx.o(RESET)
 <LI><a href="#[31]">I2C1_EV_IRQHandler</a> from startup_stm32f429xx.o(.text) referenced from startup_stm32f429xx.o(RESET)
 <LI><a href="#[34]">I2C2_ER_IRQHandler</a> from startup_stm32f429xx.o(.text) referenced from startup_stm32f429xx.o(RESET)
 <LI><a href="#[33]">I2C2_EV_IRQHandler</a> from startup_stm32f429xx.o(.text) referenced from startup_stm32f429xx.o(RESET)
 <LI><a href="#[5b]">I2C3_ER_IRQHandler</a> from startup_stm32f429xx.o(.text) referenced from startup_stm32f429xx.o(RESET)
 <LI><a href="#[5a]">I2C3_EV_IRQHandler</a> from startup_stm32f429xx.o(.text) referenced from startup_stm32f429xx.o(RESET)
 <LI><a href="#[7d]">Index2ColorBulk_M1555IDMA2D</a> from lcdconf_lin_template.o(.text.Index2ColorBulk_M1555IDMA2D) referenced 2 times from lcdconf_lin_template.o(.text.LCD_X_Config)
 <LI><a href="#[81]">Index2ColorBulk_M4444IDMA2D</a> from lcdconf_lin_template.o(.text.Index2ColorBulk_M4444IDMA2D) referenced 2 times from lcdconf_lin_template.o(.text.LCD_X_Config)
 <LI><a href="#[7f]">Index2ColorBulk_M565DMA2D</a> from lcdconf_lin_template.o(.text.Index2ColorBulk_M565DMA2D) referenced 2 times from lcdconf_lin_template.o(.text.LCD_X_Config)
 <LI><a href="#[83]">Index2ColorBulk_M888DMA2D</a> from lcdconf_lin_template.o(.text.Index2ColorBulk_M888DMA2D) referenced 2 times from lcdconf_lin_template.o(.text.LCD_X_Config)
 <LI><a href="#[7]">LCD_AA_MixColors16</a> from lcd_aa.o(i.LCD_AA_MixColors16) referenced 2 times from lcd_aa.o(.data)
 <LI><a href="#[b2]">LCD_Color2Index_8666</a> from guicc_8666.o(i.LCD_Color2Index_8666) referenced from guicc_8666.o(.constdata)
 <LI><a href="#[7b]">LCD_DrawBitmap16bpp</a> from lcdconf_lin_template.o(.text.LCD_DrawBitmap16bpp) referenced 2 times from lcdconf_lin_template.o(.text.LCD_X_Config)
 <LI><a href="#[7a]">LCD_DrawBitmap8bpp</a> from lcdconf_lin_template.o(.text.LCD_DrawBitmap8bpp) referenced 2 times from lcdconf_lin_template.o(.text.LCD_X_Config)
 <LI><a href="#[c8]">LCD_DrawHLine</a> from lcd.o(i.LCD_DrawHLine) referenced from gui_core.o(.constdata)
 <LI><a href="#[c9]">LCD_DrawPixel</a> from lcd.o(i.LCD_DrawPixel) referenced from gui_core.o(.constdata)
 <LI><a href="#[2]">LCD_GetpPalConvTableBM</a> from lcd_color.o(i.LCD_GetpPalConvTableBM) referenced 2 times from gui_core.o(.data)
 <LI><a href="#[b3]">LCD_Index2Color_8666</a> from guicc_8666.o(i.LCD_Index2Color_8666) referenced from guicc_8666.o(.constdata)
 <LI><a href="#[cb]">LCD_Index2Color_M565</a> from guicc_m565.o(i.LCD_Index2Color_M565) referenced from guicc_m565.o(.constdata)
 <LI><a href="#[97]">LCD_Index2Color_M888</a> from guicc_m888_index2color.o(i.LCD_Index2Color_M888) referenced from guicc_m888.o(.constdata)
 <LI><a href="#[97]">LCD_Index2Color_M888</a> from guicc_m888_index2color.o(i.LCD_Index2Color_M888) referenced from gui__alpha.o(i.GUI__DoAlphaBlending)
 <LI><a href="#[96]">LCD_Index2Color_M8888I</a> from guicc_m8888i_index2color.o(i.LCD_Index2Color_M8888I) referenced from guicc_m8888i.o(.constdata)
 <LI><a href="#[96]">LCD_Index2Color_M8888I</a> from guicc_m8888i_index2color.o(i.LCD_Index2Color_M8888I) referenced from gui__alpha.o(i.GUI__DoAlphaBlending)
 <LI><a href="#[96]">LCD_Index2Color_M8888I</a> from guicc_m8888i_index2color.o(i.LCD_Index2Color_M8888I) referenced from guidev_writetoactivealpha.o(i._WriteToActiveAlpha)
 <LI><a href="#[87]">LCD_MixColorsBulk</a> from lcdconf_lin_template.o(.text.LCD_MixColorsBulk) referenced 2 times from lcdconf_lin_template.o(.text.LCD_X_Config)
 <LI><a href="#[8e]">LED_Task</a> from main.o(.text.LED_Task) referenced 2 times from main.o(.text.start_task)
 <LI><a href="#[6a]">LTDC_ER_IRQHandler</a> from startup_stm32f429xx.o(.text) referenced from startup_stm32f429xx.o(RESET)
 <LI><a href="#[69]">LTDC_IRQHandler</a> from lcdconf_lin_template.o(.text.LTDC_IRQHandler) referenced from startup_stm32f429xx.o(RESET)
 <LI><a href="#[b]">MemManage_Handler</a> from stm32f4xx_it.o(.text.MemManage_Handler) referenced from startup_stm32f429xx.o(RESET)
 <LI><a href="#[9]">NMI_Handler</a> from stm32f4xx_it.o(.text.NMI_Handler) referenced from startup_stm32f429xx.o(RESET)
 <LI><a href="#[55]">OTG_FS_IRQHandler</a> from startup_stm32f429xx.o(.text) referenced from startup_stm32f429xx.o(RESET)
 <LI><a href="#[3c]">OTG_FS_WKUP_IRQHandler</a> from startup_stm32f429xx.o(.text) referenced from startup_stm32f429xx.o(RESET)
 <LI><a href="#[5d]">OTG_HS_EP1_IN_IRQHandler</a> from startup_stm32f429xx.o(.text) referenced from startup_stm32f429xx.o(RESET)
 <LI><a href="#[5c]">OTG_HS_EP1_OUT_IRQHandler</a> from startup_stm32f429xx.o(.text) referenced from startup_stm32f429xx.o(RESET)
 <LI><a href="#[5f]">OTG_HS_IRQHandler</a> from startup_stm32f429xx.o(.text) referenced from startup_stm32f429xx.o(RESET)
 <LI><a href="#[5e]">OTG_HS_WKUP_IRQHandler</a> from startup_stm32f429xx.o(.text) referenced from startup_stm32f429xx.o(RESET)
 <LI><a href="#[13]">PVD_IRQHandler</a> from startup_stm32f429xx.o(.text) referenced from startup_stm32f429xx.o(RESET)
 <LI><a href="#[10]">PendSV_Handler</a> from port.o(.text.PendSV_Handler) referenced from startup_stm32f429xx.o(RESET)
 <LI><a href="#[17]">RCC_IRQHandler</a> from startup_stm32f429xx.o(.text) referenced from startup_stm32f429xx.o(RESET)
 <LI><a href="#[3b]">RTC_Alarm_IRQHandler</a> from startup_stm32f429xx.o(.text) referenced from startup_stm32f429xx.o(RESET)
 <LI><a href="#[15]">RTC_WKUP_IRQHandler</a> from startup_stm32f429xx.o(.text) referenced from startup_stm32f429xx.o(RESET)
 <LI><a href="#[8]">Reset_Handler</a> from startup_stm32f429xx.o(.text) referenced from startup_stm32f429xx.o(RESET)
 <LI><a href="#[68]">SAI1_IRQHandler</a> from startup_stm32f429xx.o(.text) referenced from startup_stm32f429xx.o(RESET)
 <LI><a href="#[43]">SDIO_IRQHandler</a> from ff_sddisk.o(.text.SDIO_IRQHandler) referenced from startup_stm32f429xx.o(RESET)
 <LI><a href="#[74]">SD_DMA_RxCplt</a> from stm32f4xx_hal_sd.o(.text.SD_DMA_RxCplt) referenced 2 times from stm32f4xx_hal_sd.o(.text.HAL_SD_ReadBlocks_DMA)
 <LI><a href="#[75]">SD_DMA_RxError</a> from stm32f4xx_hal_sd.o(.text.SD_DMA_RxError) referenced 2 times from stm32f4xx_hal_sd.o(.text.HAL_SD_ReadBlocks_DMA)
 <LI><a href="#[76]">SD_DMA_TxCplt</a> from stm32f4xx_hal_sd.o(.text.SD_DMA_TxCplt) referenced 2 times from stm32f4xx_hal_sd.o(.text.HAL_SD_WriteBlocks_DMA)
 <LI><a href="#[77]">SD_DMA_TxError</a> from stm32f4xx_hal_sd.o(.text.SD_DMA_TxError) referenced 2 times from stm32f4xx_hal_sd.o(.text.HAL_SD_WriteBlocks_DMA)
 <LI><a href="#[35]">SPI1_IRQHandler</a> from startup_stm32f429xx.o(.text) referenced from startup_stm32f429xx.o(RESET)
 <LI><a href="#[36]">SPI2_IRQHandler</a> from startup_stm32f429xx.o(.text) referenced from startup_stm32f429xx.o(RESET)
 <LI><a href="#[45]">SPI3_IRQHandler</a> from startup_stm32f429xx.o(.text) referenced from startup_stm32f429xx.o(RESET)
 <LI><a href="#[65]">SPI4_IRQHandler</a> from startup_stm32f429xx.o(.text) referenced from startup_stm32f429xx.o(RESET)
 <LI><a href="#[66]">SPI5_IRQHandler</a> from startup_stm32f429xx.o(.text) referenced from startup_stm32f429xx.o(RESET)
 <LI><a href="#[67]">SPI6_IRQHandler</a> from startup_stm32f429xx.o(.text) referenced from startup_stm32f429xx.o(RESET)
 <LI><a href="#[e]">SVC_Handler</a> from port.o(.text.SVC_Handler) referenced from startup_stm32f429xx.o(RESET)
 <LI><a href="#[11]">SysTick_Handler</a> from stm32f4xx_sys.o(.text.SysTick_Handler) referenced from startup_stm32f429xx.o(RESET)
 <LI><a href="#[6c]">SystemInit</a> from system_stm32f4xx.o(.text.SystemInit) referenced from startup_stm32f429xx.o(.text)
 <LI><a href="#[14]">TAMP_STAMP_IRQHandler</a> from startup_stm32f429xx.o(.text) referenced from startup_stm32f429xx.o(RESET)
 <LI><a href="#[2a]">TIM1_BRK_TIM9_IRQHandler</a> from startup_stm32f429xx.o(.text) referenced from startup_stm32f429xx.o(RESET)
 <LI><a href="#[2d]">TIM1_CC_IRQHandler</a> from startup_stm32f429xx.o(.text) referenced from startup_stm32f429xx.o(RESET)
 <LI><a href="#[2c]">TIM1_TRG_COM_TIM11_IRQHandler</a> from startup_stm32f429xx.o(.text) referenced from startup_stm32f429xx.o(RESET)
 <LI><a href="#[2b]">TIM1_UP_TIM10_IRQHandler</a> from startup_stm32f429xx.o(.text) referenced from startup_stm32f429xx.o(RESET)
 <LI><a href="#[2e]">TIM2_IRQHandler</a> from startup_stm32f429xx.o(.text) referenced from startup_stm32f429xx.o(RESET)
 <LI><a href="#[2f]">TIM3_IRQHandler</a> from startup_stm32f429xx.o(.text) referenced from startup_stm32f429xx.o(RESET)
 <LI><a href="#[30]">TIM4_IRQHandler</a> from startup_stm32f429xx.o(.text) referenced from startup_stm32f429xx.o(RESET)
 <LI><a href="#[44]">TIM5_IRQHandler</a> from startup_stm32f429xx.o(.text) referenced from startup_stm32f429xx.o(RESET)
 <LI><a href="#[48]">TIM6_DAC_IRQHandler</a> from startup_stm32f429xx.o(.text) referenced from startup_stm32f429xx.o(RESET)
 <LI><a href="#[49]">TIM7_IRQHandler</a> from startup_stm32f429xx.o(.text) referenced from startup_stm32f429xx.o(RESET)
 <LI><a href="#[3d]">TIM8_BRK_TIM12_IRQHandler</a> from startup_stm32f429xx.o(.text) referenced from startup_stm32f429xx.o(RESET)
 <LI><a href="#[40]">TIM8_CC_IRQHandler</a> from startup_stm32f429xx.o(.text) referenced from startup_stm32f429xx.o(RESET)
 <LI><a href="#[3f]">TIM8_TRG_COM_TIM14_IRQHandler</a> from startup_stm32f429xx.o(.text) referenced from startup_stm32f429xx.o(RESET)
 <LI><a href="#[3e]">TIM8_UP_TIM13_IRQHandler</a> from startup_stm32f429xx.o(.text) referenced from startup_stm32f429xx.o(RESET)
 <LI><a href="#[46]">UART4_IRQHandler</a> from startup_stm32f429xx.o(.text) referenced from startup_stm32f429xx.o(RESET)
 <LI><a href="#[47]">UART5_IRQHandler</a> from startup_stm32f429xx.o(.text) referenced from startup_stm32f429xx.o(RESET)
 <LI><a href="#[63]">UART7_IRQHandler</a> from startup_stm32f429xx.o(.text) referenced from startup_stm32f429xx.o(RESET)
 <LI><a href="#[64]">UART8_IRQHandler</a> from startup_stm32f429xx.o(.text) referenced from startup_stm32f429xx.o(RESET)
 <LI><a href="#[37]">USART1_IRQHandler</a> from stm32f4xx_sys.o(.text.USART1_IRQHandler) referenced from startup_stm32f429xx.o(RESET)
 <LI><a href="#[38]">USART2_IRQHandler</a> from startup_stm32f429xx.o(.text) referenced from startup_stm32f429xx.o(RESET)
 <LI><a href="#[39]">USART3_IRQHandler</a> from startup_stm32f429xx.o(.text) referenced from startup_stm32f429xx.o(RESET)
 <LI><a href="#[59]">USART6_IRQHandler</a> from startup_stm32f429xx.o(.text) referenced from startup_stm32f429xx.o(RESET)
 <LI><a href="#[d]">UsageFault_Handler</a> from stm32f4xx_it.o(.text.UsageFault_Handler) referenced from startup_stm32f429xx.o(RESET)
 <LI><a href="#[95]">WM_HandlePID</a> from wm_touch.o(i.WM_HandlePID) referenced from gui_pid.o(i.GUI_PID_StoreState)
 <LI><a href="#[9d]">WM__Paint1</a> from wm.o(i.WM__Paint1) referenced from wm.o(i.WM__PaintWinAndOverlays)
 <LI><a href="#[9d]">WM__Paint1</a> from wm.o(i.WM__Paint1) referenced from wm.o(i._PaintTransChildren)
 <LI><a href="#[12]">WWDG_IRQHandler</a> from startup_stm32f429xx.o(.text) referenced from startup_stm32f429xx.o(RESET)
 <LI><a href="#[ee]">_CalcSizeOfChar</a> from gui_uc_encodenone.o(i._CalcSizeOfChar) referenced from gui_uc_encodenone.o(.constdata)
 <LI><a href="#[cd]">_Color2IndexBulk</a> from guicc_m565.o(i._Color2IndexBulk) referenced 2 times from guicc_m565.o(.constdata)
 <LI><a href="#[b8]">_Color2IndexBulk_88666I</a> from guicc_88666i.o(i._Color2IndexBulk_88666I) referenced from guicc_88666i.o(.constdata)
 <LI><a href="#[bd]">_Color2IndexBulk_M1555I</a> from guicc_m1555i.o(i._Color2IndexBulk_M1555I) referenced from guicc_m1555i.o(.constdata)
 <LI><a href="#[c2]">_Color2IndexBulk_M4444I</a> from guicc_m4444i.o(i._Color2IndexBulk_M4444I) referenced from guicc_m4444i.o(.constdata)
 <LI><a href="#[c6]">_Color2IndexBulk_M8888I</a> from guicc_m8888i.o(i._Color2IndexBulk_M8888I) referenced from guicc_m8888i.o(.constdata)
 <LI><a href="#[f0]">_Color2Index_0</a> from guicc_0.o(i._Color2Index_0) referenced from guicc_0.o(.constdata)
 <LI><a href="#[b5]">_Color2Index_88666I</a> from guicc_88666i.o(i._Color2Index_88666I) referenced from guicc_88666i.o(.constdata)
 <LI><a href="#[ba]">_Color2Index_M1555I</a> from guicc_m1555i.o(i._Color2Index_M1555I) referenced from guicc_m1555i.o(.constdata)
 <LI><a href="#[bf]">_Color2Index_M4444I</a> from guicc_m4444i.o(i._Color2Index_M4444I) referenced from guicc_m4444i.o(.constdata)
 <LI><a href="#[ca]">_Color2Index_M565</a> from guicc_m565.o(i._Color2Index_M565) referenced from guicc_m565.o(.constdata)
 <LI><a href="#[cf]">_Color2Index_M888</a> from guicc_m888.o(i._Color2Index_M888) referenced from guicc_m888.o(.constdata)
 <LI><a href="#[c4]">_Color2Index_M8888I</a> from guicc_m8888i.o(i._Color2Index_M8888I) referenced from guicc_m8888i.o(.constdata)
 <LI><a href="#[ac]">_CopyBuffer</a> from guidrv_lin_16.o(i._CopyBuffer) referenced from guidrv_lin_16.o(i._GetDevFunc)
 <LI><a href="#[d6]">_DrawBitmap</a> from guidrv_lin_16.o(i._DrawBitmap) referenced 3 times from guidrv_lin_16.o(.constdata)
 <LI><a href="#[d7]">_DrawHLine</a> from guidrv_lin_16.o(i._DrawHLine) referenced 3 times from guidrv_lin_16.o(.constdata)
 <LI><a href="#[d8]">_DrawVLine</a> from guidrv_lin_16.o(i._DrawVLine) referenced 3 times from guidrv_lin_16.o(.constdata)
 <LI><a href="#[ef]">_Encode</a> from gui_uc_encodenone.o(i._Encode) referenced from gui_uc_encodenone.o(.constdata)
 <LI><a href="#[d9]">_FillRect</a> from guidrv_lin_16.o(i._FillRect) referenced 3 times from guidrv_lin_16.o(.constdata)
 <LI><a href="#[10e]">_GUI_USAGE_BM_Delete</a> from guidev_usagebm.o(i._GUI_USAGE_BM_Delete) referenced from guidev_usagebm.o(.constdata)
 <LI><a href="#[ec]">_GetCharCode</a> from gui_uc_encodenone.o(i._GetCharCode) referenced from gui_uc_encodenone.o(.constdata)
 <LI><a href="#[ed]">_GetCharSize</a> from gui_uc_encodenone.o(i._GetCharSize) referenced from gui_uc_encodenone.o(.constdata)
 <LI><a href="#[e0]">_GetDevData</a> from guidrv_lin_16.o(i._GetDevData) referenced 3 times from guidrv_lin_16.o(.constdata)
 <LI><a href="#[de]">_GetDevFunc</a> from guidrv_lin_16.o(i._GetDevFunc) referenced 3 times from guidrv_lin_16.o(.constdata)
 <LI><a href="#[df]">_GetDevProp</a> from guidrv_lin_16.o(i._GetDevProp) referenced 3 times from guidrv_lin_16.o(.constdata)
 <LI><a href="#[f2]">_GetIndexMask_0</a> from guicc_0.o(i._GetIndexMask_0) referenced from guicc_0.o(.constdata)
 <LI><a href="#[b4]">_GetIndexMask_8666</a> from guicc_8666.o(i._GetIndexMask_8666) referenced from guicc_8666.o(.constdata)
 <LI><a href="#[b7]">_GetIndexMask_88666I</a> from guicc_88666i.o(i._GetIndexMask_88666I) referenced from guicc_88666i.o(.constdata)
 <LI><a href="#[bc]">_GetIndexMask_M1555I</a> from guicc_m1555i.o(i._GetIndexMask_M1555I) referenced from guicc_m1555i.o(.constdata)
 <LI><a href="#[c1]">_GetIndexMask_M4444I</a> from guicc_m4444i.o(i._GetIndexMask_M4444I) referenced from guicc_m4444i.o(.constdata)
 <LI><a href="#[cc]">_GetIndexMask_M565</a> from guicc_m565.o(i._GetIndexMask_M565) referenced from guicc_m565.o(.constdata)
 <LI><a href="#[d0]">_GetIndexMask_M888</a> from guicc_m888.o(i._GetIndexMask_M888) referenced from guicc_m888.o(.constdata)
 <LI><a href="#[c5]">_GetIndexMask_M8888I</a> from guicc_m8888i.o(i._GetIndexMask_M8888I) referenced from guicc_m8888i.o(.constdata)
 <LI><a href="#[da]">_GetPixelIndex</a> from guidrv_lin_16.o(i._GetPixelIndex) referenced 3 times from guidrv_lin_16.o(.constdata)
 <LI><a href="#[a3]">_GetPos</a> from guidrv_lin_16.o(i._GetPos) referenced from guidrv_lin_16.o(i._GetDevFunc)
 <LI><a href="#[e1]">_GetRect</a> from guidrv_lin_16.o(i._GetRect) referenced 3 times from guidrv_lin_16.o(.constdata)
 <LI><a href="#[ce]">_Index2ColorBulk</a> from guicc_m565.o(i._Index2ColorBulk) referenced 2 times from guicc_m565.o(.constdata)
 <LI><a href="#[b9]">_Index2ColorBulk_88666I</a> from guicc_88666i.o(i._Index2ColorBulk_88666I) referenced from guicc_88666i.o(.constdata)
 <LI><a href="#[be]">_Index2ColorBulk_M1555I</a> from guicc_m1555i.o(i._Index2ColorBulk_M1555I) referenced from guicc_m1555i.o(.constdata)
 <LI><a href="#[c3]">_Index2ColorBulk_M4444I</a> from guicc_m4444i.o(i._Index2ColorBulk_M4444I) referenced from guicc_m4444i.o(.constdata)
 <LI><a href="#[c7]">_Index2ColorBulk_M8888I</a> from guicc_m8888i.o(i._Index2ColorBulk_M8888I) referenced from guicc_m8888i.o(.constdata)
 <LI><a href="#[f1]">_Index2Color_0</a> from guicc_0.o(i._Index2Color_0) referenced from guicc_0.o(.constdata)
 <LI><a href="#[b6]">_Index2Color_88666I</a> from guicc_88666i.o(i._Index2Color_88666I) referenced from guicc_88666i.o(.constdata)
 <LI><a href="#[bb]">_Index2Color_M1555I</a> from guicc_m1555i.o(i._Index2Color_M1555I) referenced from guicc_m1555i.o(.constdata)
 <LI><a href="#[c0]">_Index2Color_M4444I</a> from guicc_m4444i.o(i._Index2Color_M4444I) referenced from guicc_m4444i.o(.constdata)
 <LI><a href="#[a6]">_Init</a> from guidrv_lin_16.o(i._Init) referenced from guidrv_lin_16.o(i._GetDevFunc)
 <LI><a href="#[85]">_LCD_GetpPalConvTable</a> from lcdconf_lin_template.o(.text._LCD_GetpPalConvTable) referenced 2 times from lcdconf_lin_template.o(.text.LCD_X_Config)
 <LI><a href="#[5]">_Log2VisBuffered</a> from gui_charline.o(i._Log2VisBuffered) referenced 2 times from gui_charline.o(.data)
 <LI><a href="#[ea]">_MULTIBUF_Begin</a> from wm_multibuf.o(i._MULTIBUF_Begin) referenced from wm_multibuf.o(.constdata)
 <LI><a href="#[eb]">_MULTIBUF_End</a> from wm_multibuf.o(i._MULTIBUF_End) referenced from wm_multibuf.o(.constdata)
 <LI><a href="#[a8]">_Off</a> from guidrv_lin_16.o(i._Off) referenced from guidrv_lin_16.o(i._GetDevFunc)
 <LI><a href="#[a7]">_On</a> from guidrv_lin_16.o(i._On) referenced from guidrv_lin_16.o(i._GetDevFunc)
 <LI><a href="#[91]">_OnExit</a> from gui_task.o(i._OnExit) referenced from gui_task.o(i.GUITASK_Init)
 <LI><a href="#[92]">_OnExit</a> from gui_core.o(i._OnExit) referenced from gui_core.o(i.GUI_Init)
 <LI><a href="#[93]">_OnExit</a> from gui_multibuf.o(i._OnExit) referenced from gui_multibuf.o(i.GUI_MULTIBUF_ConfigEx)
 <LI><a href="#[94]">_OnExit</a> from gui_pid.o(i._OnExit) referenced from gui_pid.o(i.GUI_PID_StoreState)
 <LI><a href="#[98]">_OnExit</a> from gui__alpha.o(i._OnExit) referenced from gui__alpha.o(i.GUI__GetAlphaBuffer)
 <LI><a href="#[99]">_OnExit</a> from lcd_color.o(i._OnExit) referenced from lcd_color.o(i.LCD_InitColors)
 <LI><a href="#[9c]">_OnExit</a> from wm.o(i._OnExit) referenced from wm.o(i.WM_Init)
 <LI><a href="#[af]">_ReadRect</a> from guidrv_lin_16.o(i._ReadRect) referenced from guidrv_lin_16.o(i._GetDevFunc)
 <LI><a href="#[a4]">_SetAlpha</a> from guidrv_lin_16.o(i._SetAlpha) referenced from guidrv_lin_16.o(i._GetDevFunc)
 <LI><a href="#[a9]">_SetAlphaMode</a> from guidrv_lin_16.o(i._SetAlphaMode) referenced from guidrv_lin_16.o(i._GetDevFunc)
 <LI><a href="#[d4]">_SetBkColor</a> from lcd.o(i._SetBkColor) referenced from lcd.o(.constdata)
 <LI><a href="#[ab]">_SetChroma</a> from guidrv_lin_16.o(i._SetChroma) referenced from guidrv_lin_16.o(i._GetDevFunc)
 <LI><a href="#[aa]">_SetChromaMode</a> from guidrv_lin_16.o(i._SetChromaMode) referenced from guidrv_lin_16.o(i._GetDevFunc)
 <LI><a href="#[d3]">_SetColor</a> from lcd.o(i._SetColor) referenced from lcd.o(.constdata)
 <LI><a href="#[ae]">_SetDevFunc</a> from guidrv_lin_16.o(i._SetDevFunc) referenced from guidrv_lin_16.o(i._GetDevFunc)
 <LI><a href="#[d5]">_SetDrawMode</a> from lcd.o(i._SetDrawMode) referenced from lcd.o(.constdata)
 <LI><a href="#[dd]">_SetOrg</a> from guidrv_lin_16.o(i._SetOrg) referenced 3 times from guidrv_lin_16.o(.constdata)
 <LI><a href="#[db]">_SetPixelIndex</a> from guidrv_lin_16.o(i._SetPixelIndex) referenced 3 times from guidrv_lin_16.o(.constdata)
 <LI><a href="#[a2]">_SetPos</a> from guidrv_lin_16.o(i._SetPos) referenced from guidrv_lin_16.o(i._GetDevFunc)
 <LI><a href="#[a1]">_SetSize</a> from guidrv_lin_16.o(i._SetSize) referenced from guidrv_lin_16.o(i._GetDevFunc)
 <LI><a href="#[9f]">_SetVRAMAddr</a> from guidrv_lin_16.o(i._SetVRAMAddr) referenced from guidrv_lin_16.o(i._GetDevFunc)
 <LI><a href="#[a0]">_SetVSize</a> from guidrv_lin_16.o(i._SetVSize) referenced from guidrv_lin_16.o(i._GetDevFunc)
 <LI><a href="#[a5]">_SetVis</a> from guidrv_lin_16.o(i._SetVis) referenced from guidrv_lin_16.o(i._GetDevFunc)
 <LI><a href="#[ad]">_ShowBuffer</a> from guidrv_lin_16.o(i._ShowBuffer) referenced from guidrv_lin_16.o(i._GetDevFunc)
 <LI><a href="#[dc]">_XorPixel</a> from guidrv_lin_16.o(i._XorPixel) referenced 3 times from guidrv_lin_16.o(.constdata)
 <LI><a href="#[6d]">__main</a> from __main.o(!!!main) referenced from startup_stm32f429xx.o(.text)
 <LI><a href="#[9b]">_cbBackWin</a> from wm.o(i._cbBackWin) referenced from wm.o(i.WM_Init)
 <LI><a href="#[9a]">_cbPaintMemDev</a> from wm.o(i._cbPaintMemDev) referenced from wm.o(i.WM_Exec)
 <LI><a href="#[6f]">_printf_input_char</a> from _printf_char_common.o(.text) referenced from _printf_char_common.o(.text)
 <LI><a href="#[6e]">_snputc</a> from _snputc.o(.text) referenced from __2snprintf.o(.text)
 <LI><a href="#[70]">fputc</a> from fputc.o(i.fputc) referenced from _printf_char_file.o(.text)
 <LI><a href="#[4]">memcpy</a> from memcpy.o(.text) referenced 2 times from gui__private.o(.data)
 <LI><a href="#[3]">memset</a> from memset.o(.text) referenced 2 times from gui__private.o(.data)
 <LI><a href="#[89]">prvEventSetupFunction</a> from ff_sddisk.o(.text.prvEventSetupFunction) referenced 2 times from ff_sddisk.o(.text.prvSDMMCInit)
 <LI><a href="#[8a]">prvEventWaitFunction</a> from ff_sddisk.o(.text.prvEventWaitFunction) referenced 2 times from ff_sddisk.o(.text.prvSDMMCInit)
 <LI><a href="#[73]">prvFFRead</a> from ff_sddisk.o(.text.prvFFRead) referenced 2 times from ff_sddisk.o(.text.FF_SDDiskInit)
 <LI><a href="#[72]">prvFFWrite</a> from ff_sddisk.o(.text.prvFFWrite) referenced 2 times from ff_sddisk.o(.text.FF_SDDiskInit)
 <LI><a href="#[8f]">prvIdleTask</a> from tasks.o(.text.prvIdleTask) referenced 2 times from tasks.o(.text.vTaskStartScheduler)
 <LI><a href="#[8b]">prvTaskExitError</a> from port.o(.text.prvTaskExitError) referenced 2 times from port.o(.text.pxPortInitialiseStack)
 <LI><a href="#[90]">prvTimerTask</a> from timers.o(.text.prvTimerTask) referenced 2 times from timers.o(.text.xTimerCreateTimerTask)
 <LI><a href="#[88]">start_task</a> from main.o(.text.start_task) referenced 2 times from main.o(.text.main)
 <LI><a href="#[8c]">touch_task</a> from main.o(.text.touch_task) referenced 2 times from main.o(.text.start_task)
</UL>
<P>
<H3>
Global Symbols
</H3>
<P><STRONG><a name="[6d]"></a>__main</STRONG> (Thumb, 8 bytes, Stack size 0 bytes, __main.o(!!!main))
<BR><BR>[Calls]<UL><LI><a href="#[112]">&gt;&gt;</a>&nbsp;&nbsp;&nbsp;__rt_entry
<LI><a href="#[111]">&gt;&gt;</a>&nbsp;&nbsp;&nbsp;__scatterload
</UL>
<BR>[Address Reference Count : 1]<UL><LI> startup_stm32f429xx.o(.text)
</UL>
<P><STRONG><a name="[111]"></a>__scatterload</STRONG> (Thumb, 0 bytes, Stack size unknown bytes, __scatter.o(!!!scatter))
<BR><BR>[Called By]<UL><LI><a href="#[6d]">&gt;&gt;</a>&nbsp;&nbsp;&nbsp;__main
</UL>

<P><STRONG><a name="[113]"></a>__scatterload_rt2</STRONG> (Thumb, 44 bytes, Stack size unknown bytes, __scatter.o(!!!scatter), UNUSED)
<BR><BR>[Calls]<UL><LI><a href="#[112]">&gt;&gt;</a>&nbsp;&nbsp;&nbsp;__rt_entry
</UL>

<P><STRONG><a name="[3b4]"></a>__scatterload_rt2_thumb_only</STRONG> (Thumb, 0 bytes, Stack size unknown bytes, __scatter.o(!!!scatter), UNUSED)

<P><STRONG><a name="[3b5]"></a>__scatterload_null</STRONG> (Thumb, 0 bytes, Stack size unknown bytes, __scatter.o(!!!scatter), UNUSED)

<P><STRONG><a name="[3b6]"></a>__decompress</STRONG> (Thumb, 58 bytes, Stack size unknown bytes, __dczerorl.o(!!dczerorl), UNUSED)

<P><STRONG><a name="[3b7]"></a>__decompress0</STRONG> (Thumb, 0 bytes, Stack size unknown bytes, __dczerorl.o(!!dczerorl), UNUSED)

<P><STRONG><a name="[3b8]"></a>__scatterload_zeroinit</STRONG> (Thumb, 28 bytes, Stack size unknown bytes, __scatter_zi.o(!!handler_zi), UNUSED)

<P><STRONG><a name="[114]"></a>_printf_d</STRONG> (Thumb, 0 bytes, Stack size unknown bytes, _printf_d.o(.ARM.Collect$$_printf_percent$$00000009))
<BR><BR>[Stack]<UL><LI>Max Depth = 72 + Unknown Stack Size
<LI>Call Chain = _printf_d &rArr; _printf_int_dec &rArr; _printf_int_common &rArr; _printf_post_padding
</UL>
<BR>[Calls]<UL><LI><a href="#[115]">&gt;&gt;</a>&nbsp;&nbsp;&nbsp;_printf_int_dec
</UL>

<P><STRONG><a name="[13c]"></a>_printf_percent</STRONG> (Thumb, 0 bytes, Stack size unknown bytes, _printf_percent.o(.ARM.Collect$$_printf_percent$$00000000))
<BR><BR>[Called By]<UL><LI><a href="#[13a]">&gt;&gt;</a>&nbsp;&nbsp;&nbsp;__printf
</UL>

<P><STRONG><a name="[116]"></a>_printf_u</STRONG> (Thumb, 0 bytes, Stack size unknown bytes, _printf_u.o(.ARM.Collect$$_printf_percent$$0000000A))
<BR><BR>[Stack]<UL><LI>Max Depth = 72 + Unknown Stack Size
<LI>Call Chain = _printf_u &rArr; _printf_int_dec &rArr; _printf_int_common &rArr; _printf_post_padding
</UL>
<BR>[Calls]<UL><LI><a href="#[115]">&gt;&gt;</a>&nbsp;&nbsp;&nbsp;_printf_int_dec
</UL>

<P><STRONG><a name="[117]"></a>_printf_x</STRONG> (Thumb, 0 bytes, Stack size unknown bytes, _printf_x.o(.ARM.Collect$$_printf_percent$$0000000C))
<BR><BR>[Stack]<UL><LI>Max Depth = 80 + Unknown Stack Size
<LI>Call Chain = _printf_x &rArr; _printf_int_hex &rArr; _printf_longlong_hex &rArr; _printf_int_common &rArr; _printf_post_padding
</UL>
<BR>[Calls]<UL><LI><a href="#[118]">&gt;&gt;</a>&nbsp;&nbsp;&nbsp;_printf_int_hex
</UL>

<P><STRONG><a name="[119]"></a>_printf_c</STRONG> (Thumb, 0 bytes, Stack size unknown bytes, _printf_c.o(.ARM.Collect$$_printf_percent$$00000013))
<BR><BR>[Stack]<UL><LI>Max Depth = 40 + Unknown Stack Size
<LI>Call Chain = _printf_c &rArr; _printf_char &rArr; _printf_cs_common &rArr; _printf_str &rArr; _printf_post_padding
</UL>
<BR>[Calls]<UL><LI><a href="#[11a]">&gt;&gt;</a>&nbsp;&nbsp;&nbsp;_printf_char
</UL>

<P><STRONG><a name="[11b]"></a>_printf_s</STRONG> (Thumb, 0 bytes, Stack size unknown bytes, _printf_s.o(.ARM.Collect$$_printf_percent$$00000014))
<BR><BR>[Stack]<UL><LI>Max Depth = 40 + Unknown Stack Size
<LI>Call Chain = _printf_s &rArr; _printf_string &rArr; _printf_cs_common &rArr; _printf_str &rArr; _printf_post_padding
</UL>
<BR>[Calls]<UL><LI><a href="#[11c]">&gt;&gt;</a>&nbsp;&nbsp;&nbsp;_printf_string
</UL>

<P><STRONG><a name="[3b9]"></a>_printf_percent_end</STRONG> (Thumb, 0 bytes, Stack size unknown bytes, _printf_percent_end.o(.ARM.Collect$$_printf_percent$$00000017))

<P><STRONG><a name="[126]"></a>__rt_lib_init</STRONG> (Thumb, 0 bytes, Stack size unknown bytes, libinit.o(.ARM.Collect$$libinit$$00000000))
<BR><BR>[Called By]<UL><LI><a href="#[125]">&gt;&gt;</a>&nbsp;&nbsp;&nbsp;__rt_entry_li
</UL>

<P><STRONG><a name="[11d]"></a>__rt_lib_init_fp_1</STRONG> (Thumb, 0 bytes, Stack size unknown bytes, libinit2.o(.ARM.Collect$$libinit$$00000001))
<BR><BR>[Calls]<UL><LI><a href="#[11e]">&gt;&gt;</a>&nbsp;&nbsp;&nbsp;_fp_init
</UL>

<P><STRONG><a name="[3ba]"></a>__rt_lib_init_atexit_1</STRONG> (Thumb, 0 bytes, Stack size unknown bytes, libinit2.o(.ARM.Collect$$libinit$$0000001B))

<P><STRONG><a name="[3bb]"></a>__rt_lib_init_clock_1</STRONG> (Thumb, 0 bytes, Stack size unknown bytes, libinit2.o(.ARM.Collect$$libinit$$00000021))

<P><STRONG><a name="[3bc]"></a>__rt_lib_init_fp_trap_1</STRONG> (Thumb, 0 bytes, Stack size unknown bytes, libinit2.o(.ARM.Collect$$libinit$$0000001F))

<P><STRONG><a name="[3bd]"></a>__rt_lib_init_getenv_1</STRONG> (Thumb, 0 bytes, Stack size unknown bytes, libinit2.o(.ARM.Collect$$libinit$$00000023))

<P><STRONG><a name="[3be]"></a>__rt_lib_init_heap_1</STRONG> (Thumb, 0 bytes, Stack size unknown bytes, libinit2.o(.ARM.Collect$$libinit$$0000000A))

<P><STRONG><a name="[3bf]"></a>__rt_lib_init_lc_collate_1</STRONG> (Thumb, 0 bytes, Stack size unknown bytes, libinit2.o(.ARM.Collect$$libinit$$00000011))

<P><STRONG><a name="[3c0]"></a>__rt_lib_init_lc_ctype_1</STRONG> (Thumb, 0 bytes, Stack size unknown bytes, libinit2.o(.ARM.Collect$$libinit$$00000013))

<P><STRONG><a name="[3c1]"></a>__rt_lib_init_lc_monetary_1</STRONG> (Thumb, 0 bytes, Stack size unknown bytes, libinit2.o(.ARM.Collect$$libinit$$00000015))

<P><STRONG><a name="[3c2]"></a>__rt_lib_init_lc_numeric_1</STRONG> (Thumb, 0 bytes, Stack size unknown bytes, libinit2.o(.ARM.Collect$$libinit$$00000017))

<P><STRONG><a name="[3c3]"></a>__rt_lib_init_lc_time_1</STRONG> (Thumb, 0 bytes, Stack size unknown bytes, libinit2.o(.ARM.Collect$$libinit$$00000019))

<P><STRONG><a name="[3c4]"></a>__rt_lib_init_preinit_1</STRONG> (Thumb, 0 bytes, Stack size unknown bytes, libinit2.o(.ARM.Collect$$libinit$$00000004))

<P><STRONG><a name="[3c5]"></a>__rt_lib_init_rand_1</STRONG> (Thumb, 0 bytes, Stack size unknown bytes, libinit2.o(.ARM.Collect$$libinit$$0000000E))

<P><STRONG><a name="[3c6]"></a>__rt_lib_init_signal_1</STRONG> (Thumb, 0 bytes, Stack size unknown bytes, libinit2.o(.ARM.Collect$$libinit$$0000001D))

<P><STRONG><a name="[11f]"></a>__rt_lib_init_stdio_2</STRONG> (Thumb, 0 bytes, Stack size unknown bytes, libinit2.o(.ARM.Collect$$libinit$$00000024))
<BR><BR>[Stack]<UL><LI>Max Depth = 3272 + Unknown Stack Size
<LI>Call Chain = __rt_lib_init_stdio_2 &rArr; _initio &rArr; freopen &rArr; _fclose_internal &rArr; remove &rArr; FF_RmFile &rArr; FF_Open &rArr; FF_CreateFile &rArr; FF_CreateDirent &rArr; FF_FindShortName &rArr; FF_FindEntryInDir &rArr; FF_PopulateLongDirent &rArr; FF_FetchEntryWithContext &rArr; FF_Traverse &rArr; FF_TraverseFAT &rArr; FF_getFATEntry &rArr; prvGetFromFATBuffers &rArr; FF_GetBuffer &rArr; FF_ReleaseSemaphore &rArr; xQueueGiveMutexRecursive &rArr; xQueueGenericSend &rArr; prvUnlockQueue &rArr; prvNotifyQueueSetContainer &rArr; prvCopyDataToQueue &rArr; xTaskPriorityDisinherit &rArr; __2printf &rArr; _printf_char_file &rArr; _printf_char_common &rArr; __printf
</UL>
<BR>[Calls]<UL><LI><a href="#[120]">&gt;&gt;</a>&nbsp;&nbsp;&nbsp;_initio
</UL>

<P><STRONG><a name="[3c7]"></a>__rt_lib_init_user_alloc_1</STRONG> (Thumb, 0 bytes, Stack size unknown bytes, libinit2.o(.ARM.Collect$$libinit$$0000000C))

<P><STRONG><a name="[3c8]"></a>__rt_lib_init_alloca_1</STRONG> (Thumb, 0 bytes, Stack size unknown bytes, libinit2.o(.ARM.Collect$$libinit$$0000002E))

<P><STRONG><a name="[3c9]"></a>__rt_lib_init_argv_1</STRONG> (Thumb, 0 bytes, Stack size unknown bytes, libinit2.o(.ARM.Collect$$libinit$$0000002C))

<P><STRONG><a name="[3ca]"></a>__rt_lib_init_cpp_1</STRONG> (Thumb, 0 bytes, Stack size unknown bytes, libinit2.o(.ARM.Collect$$libinit$$00000032))

<P><STRONG><a name="[3cb]"></a>__rt_lib_init_exceptions_1</STRONG> (Thumb, 0 bytes, Stack size unknown bytes, libinit2.o(.ARM.Collect$$libinit$$00000030))

<P><STRONG><a name="[3cc]"></a>__rt_lib_init_return</STRONG> (Thumb, 0 bytes, Stack size unknown bytes, libinit2.o(.ARM.Collect$$libinit$$00000033))

<P><STRONG><a name="[3cd]"></a>__rt_lib_init_stdio_1</STRONG> (Thumb, 0 bytes, Stack size unknown bytes, libinit2.o(.ARM.Collect$$libinit$$00000025))

<P><STRONG><a name="[12b]"></a>__rt_lib_shutdown</STRONG> (Thumb, 0 bytes, Stack size unknown bytes, libshutdown.o(.ARM.Collect$$libshutdown$$00000000))
<BR><BR>[Called By]<UL><LI><a href="#[12a]">&gt;&gt;</a>&nbsp;&nbsp;&nbsp;__rt_exit_ls
</UL>

<P><STRONG><a name="[3ce]"></a>__rt_lib_shutdown_cpp_1</STRONG> (Thumb, 0 bytes, Stack size unknown bytes, libshutdown2.o(.ARM.Collect$$libshutdown$$00000002))

<P><STRONG><a name="[121]"></a>__rt_lib_shutdown_stdio_2</STRONG> (Thumb, 0 bytes, Stack size unknown bytes, libshutdown2.o(.ARM.Collect$$libshutdown$$00000003))
<BR><BR>[Stack]<UL><LI>Max Depth = 3256 + Unknown Stack Size
<LI>Call Chain = __rt_lib_shutdown_stdio_2 &rArr; _terminateio &rArr; _fclose_internal &rArr; remove &rArr; FF_RmFile &rArr; FF_Open &rArr; FF_CreateFile &rArr; FF_CreateDirent &rArr; FF_FindShortName &rArr; FF_FindEntryInDir &rArr; FF_PopulateLongDirent &rArr; FF_FetchEntryWithContext &rArr; FF_Traverse &rArr; FF_TraverseFAT &rArr; FF_getFATEntry &rArr; prvGetFromFATBuffers &rArr; FF_GetBuffer &rArr; FF_ReleaseSemaphore &rArr; xQueueGiveMutexRecursive &rArr; xQueueGenericSend &rArr; prvUnlockQueue &rArr; prvNotifyQueueSetContainer &rArr; prvCopyDataToQueue &rArr; xTaskPriorityDisinherit &rArr; __2printf &rArr; _printf_char_file &rArr; _printf_char_common &rArr; __printf
</UL>
<BR>[Calls]<UL><LI><a href="#[122]">&gt;&gt;</a>&nbsp;&nbsp;&nbsp;_terminateio
</UL>

<P><STRONG><a name="[3cf]"></a>__rt_lib_shutdown_fp_trap_1</STRONG> (Thumb, 0 bytes, Stack size unknown bytes, libshutdown2.o(.ARM.Collect$$libshutdown$$00000007))

<P><STRONG><a name="[3d0]"></a>__rt_lib_shutdown_heap_1</STRONG> (Thumb, 0 bytes, Stack size unknown bytes, libshutdown2.o(.ARM.Collect$$libshutdown$$0000000F))

<P><STRONG><a name="[3d1]"></a>__rt_lib_shutdown_return</STRONG> (Thumb, 0 bytes, Stack size unknown bytes, libshutdown2.o(.ARM.Collect$$libshutdown$$00000010))

<P><STRONG><a name="[3d2]"></a>__rt_lib_shutdown_signal_1</STRONG> (Thumb, 0 bytes, Stack size unknown bytes, libshutdown2.o(.ARM.Collect$$libshutdown$$0000000A))

<P><STRONG><a name="[3d3]"></a>__rt_lib_shutdown_stdio_1</STRONG> (Thumb, 0 bytes, Stack size unknown bytes, libshutdown2.o(.ARM.Collect$$libshutdown$$00000004))

<P><STRONG><a name="[3d4]"></a>__rt_lib_shutdown_user_alloc_1</STRONG> (Thumb, 0 bytes, Stack size unknown bytes, libshutdown2.o(.ARM.Collect$$libshutdown$$0000000C))

<P><STRONG><a name="[112]"></a>__rt_entry</STRONG> (Thumb, 0 bytes, Stack size unknown bytes, __rtentry.o(.ARM.Collect$$rtentry$$00000000))
<BR><BR>[Called By]<UL><LI><a href="#[6d]">&gt;&gt;</a>&nbsp;&nbsp;&nbsp;__main
<LI><a href="#[113]">&gt;&gt;</a>&nbsp;&nbsp;&nbsp;__scatterload_rt2
</UL>

<P><STRONG><a name="[3d5]"></a>__rt_entry_presh_1</STRONG> (Thumb, 0 bytes, Stack size unknown bytes, __rtentry2.o(.ARM.Collect$$rtentry$$00000002))

<P><STRONG><a name="[123]"></a>__rt_entry_sh</STRONG> (Thumb, 0 bytes, Stack size unknown bytes, __rtentry4.o(.ARM.Collect$$rtentry$$00000004))
<BR><BR>[Stack]<UL><LI>Max Depth = 8 + Unknown Stack Size
<LI>Call Chain = __rt_entry_sh &rArr; __user_setup_stackheap
</UL>
<BR>[Calls]<UL><LI><a href="#[124]">&gt;&gt;</a>&nbsp;&nbsp;&nbsp;__user_setup_stackheap
</UL>

<P><STRONG><a name="[125]"></a>__rt_entry_li</STRONG> (Thumb, 0 bytes, Stack size unknown bytes, __rtentry2.o(.ARM.Collect$$rtentry$$0000000A))
<BR><BR>[Calls]<UL><LI><a href="#[126]">&gt;&gt;</a>&nbsp;&nbsp;&nbsp;__rt_lib_init
</UL>

<P><STRONG><a name="[3d6]"></a>__rt_entry_postsh_1</STRONG> (Thumb, 0 bytes, Stack size unknown bytes, __rtentry2.o(.ARM.Collect$$rtentry$$00000009))

<P><STRONG><a name="[127]"></a>__rt_entry_main</STRONG> (Thumb, 0 bytes, Stack size unknown bytes, __rtentry2.o(.ARM.Collect$$rtentry$$0000000D))
<BR><BR>[Stack]<UL><LI>Max Depth = 312 + Unknown Stack Size
<LI>Call Chain = __rt_entry_main &rArr; main &rArr; vTaskStartScheduler &rArr; xTimerCreateTimerTask &rArr; prvCheckForValidListAndQueue &rArr; xQueueGenericCreateStatic &rArr; xQueueGenericReset &rArr; xTaskRemoveFromEventList &rArr; __2printf &rArr; _printf_char_file &rArr; _printf_char_common &rArr; __printf
</UL>
<BR>[Calls]<UL><LI><a href="#[128]">&gt;&gt;</a>&nbsp;&nbsp;&nbsp;main
<LI><a href="#[129]">&gt;&gt;</a>&nbsp;&nbsp;&nbsp;exit
</UL>

<P><STRONG><a name="[3d7]"></a>__rt_entry_postli_1</STRONG> (Thumb, 0 bytes, Stack size unknown bytes, __rtentry2.o(.ARM.Collect$$rtentry$$0000000C))

<P><STRONG><a name="[14f]"></a>__rt_exit</STRONG> (Thumb, 0 bytes, Stack size unknown bytes, rtexit.o(.ARM.Collect$$rtexit$$00000000))
<BR><BR>[Called By]<UL><LI><a href="#[129]">&gt;&gt;</a>&nbsp;&nbsp;&nbsp;exit
</UL>

<P><STRONG><a name="[12a]"></a>__rt_exit_ls</STRONG> (Thumb, 0 bytes, Stack size unknown bytes, rtexit2.o(.ARM.Collect$$rtexit$$00000003))
<BR><BR>[Calls]<UL><LI><a href="#[12b]">&gt;&gt;</a>&nbsp;&nbsp;&nbsp;__rt_lib_shutdown
</UL>

<P><STRONG><a name="[3d8]"></a>__rt_exit_prels_1</STRONG> (Thumb, 0 bytes, Stack size unknown bytes, rtexit2.o(.ARM.Collect$$rtexit$$00000002))

<P><STRONG><a name="[12c]"></a>__rt_exit_exit</STRONG> (Thumb, 0 bytes, Stack size unknown bytes, rtexit2.o(.ARM.Collect$$rtexit$$00000004))
<BR><BR>[Stack]<UL><LI>Max Depth = 144 + Unknown Stack Size
<LI>Call Chain = __rt_exit_exit &rArr; _sys_exit &rArr; __2printf &rArr; _printf_char_file &rArr; _printf_char_common &rArr; __printf
</UL>
<BR>[Calls]<UL><LI><a href="#[12d]">&gt;&gt;</a>&nbsp;&nbsp;&nbsp;_sys_exit
</UL>

<P><STRONG><a name="[8]"></a>Reset_Handler</STRONG> (Thumb, 8 bytes, Stack size 0 bytes, startup_stm32f429xx.o(.text))
<BR>[Address Reference Count : 1]<UL><LI> startup_stm32f429xx.o(RESET)
</UL>
<P><STRONG><a name="[24]"></a>ADC_IRQHandler</STRONG> (Thumb, 0 bytes, Stack size 0 bytes, startup_stm32f429xx.o(.text))
<BR><BR>[Calls]<UL><LI><a href="#[24]">&gt;&gt;</a>&nbsp;&nbsp;&nbsp;ADC_IRQHandler
</UL>
<BR>[Called By]<UL><LI><a href="#[24]">&gt;&gt;</a>&nbsp;&nbsp;&nbsp;ADC_IRQHandler
</UL>
<BR>[Address Reference Count : 1]<UL><LI> startup_stm32f429xx.o(RESET)
</UL>
<P><STRONG><a name="[26]"></a>CAN1_RX0_IRQHandler</STRONG> (Thumb, 0 bytes, Stack size 0 bytes, startup_stm32f429xx.o(.text))
<BR>[Address Reference Count : 1]<UL><LI> startup_stm32f429xx.o(RESET)
</UL>
<P><STRONG><a name="[27]"></a>CAN1_RX1_IRQHandler</STRONG> (Thumb, 0 bytes, Stack size 0 bytes, startup_stm32f429xx.o(.text))
<BR>[Address Reference Count : 1]<UL><LI> startup_stm32f429xx.o(RESET)
</UL>
<P><STRONG><a name="[28]"></a>CAN1_SCE_IRQHandler</STRONG> (Thumb, 0 bytes, Stack size 0 bytes, startup_stm32f429xx.o(.text))
<BR>[Address Reference Count : 1]<UL><LI> startup_stm32f429xx.o(RESET)
</UL>
<P><STRONG><a name="[25]"></a>CAN1_TX_IRQHandler</STRONG> (Thumb, 0 bytes, Stack size 0 bytes, startup_stm32f429xx.o(.text))
<BR>[Address Reference Count : 1]<UL><LI> startup_stm32f429xx.o(RESET)
</UL>
<P><STRONG><a name="[52]"></a>CAN2_RX0_IRQHandler</STRONG> (Thumb, 0 bytes, Stack size 0 bytes, startup_stm32f429xx.o(.text))
<BR>[Address Reference Count : 1]<UL><LI> startup_stm32f429xx.o(RESET)
</UL>
<P><STRONG><a name="[53]"></a>CAN2_RX1_IRQHandler</STRONG> (Thumb, 0 bytes, Stack size 0 bytes, startup_stm32f429xx.o(.text))
<BR>[Address Reference Count : 1]<UL><LI> startup_stm32f429xx.o(RESET)
</UL>
<P><STRONG><a name="[54]"></a>CAN2_SCE_IRQHandler</STRONG> (Thumb, 0 bytes, Stack size 0 bytes, startup_stm32f429xx.o(.text))
<BR>[Address Reference Count : 1]<UL><LI> startup_stm32f429xx.o(RESET)
</UL>
<P><STRONG><a name="[51]"></a>CAN2_TX_IRQHandler</STRONG> (Thumb, 0 bytes, Stack size 0 bytes, startup_stm32f429xx.o(.text))
<BR>[Address Reference Count : 1]<UL><LI> startup_stm32f429xx.o(RESET)
</UL>
<P><STRONG><a name="[60]"></a>DCMI_IRQHandler</STRONG> (Thumb, 0 bytes, Stack size 0 bytes, startup_stm32f429xx.o(.text))
<BR>[Address Reference Count : 1]<UL><LI> startup_stm32f429xx.o(RESET)
</UL>
<P><STRONG><a name="[1d]"></a>DMA1_Stream0_IRQHandler</STRONG> (Thumb, 0 bytes, Stack size 0 bytes, startup_stm32f429xx.o(.text))
<BR>[Address Reference Count : 1]<UL><LI> startup_stm32f429xx.o(RESET)
</UL>
<P><STRONG><a name="[1e]"></a>DMA1_Stream1_IRQHandler</STRONG> (Thumb, 0 bytes, Stack size 0 bytes, startup_stm32f429xx.o(.text))
<BR>[Address Reference Count : 1]<UL><LI> startup_stm32f429xx.o(RESET)
</UL>
<P><STRONG><a name="[1f]"></a>DMA1_Stream2_IRQHandler</STRONG> (Thumb, 0 bytes, Stack size 0 bytes, startup_stm32f429xx.o(.text))
<BR>[Address Reference Count : 1]<UL><LI> startup_stm32f429xx.o(RESET)
</UL>
<P><STRONG><a name="[20]"></a>DMA1_Stream3_IRQHandler</STRONG> (Thumb, 0 bytes, Stack size 0 bytes, startup_stm32f429xx.o(.text))
<BR>[Address Reference Count : 1]<UL><LI> startup_stm32f429xx.o(RESET)
</UL>
<P><STRONG><a name="[21]"></a>DMA1_Stream4_IRQHandler</STRONG> (Thumb, 0 bytes, Stack size 0 bytes, startup_stm32f429xx.o(.text))
<BR>[Address Reference Count : 1]<UL><LI> startup_stm32f429xx.o(RESET)
</UL>
<P><STRONG><a name="[22]"></a>DMA1_Stream5_IRQHandler</STRONG> (Thumb, 0 bytes, Stack size 0 bytes, startup_stm32f429xx.o(.text))
<BR>[Address Reference Count : 1]<UL><LI> startup_stm32f429xx.o(RESET)
</UL>
<P><STRONG><a name="[23]"></a>DMA1_Stream6_IRQHandler</STRONG> (Thumb, 0 bytes, Stack size 0 bytes, startup_stm32f429xx.o(.text))
<BR>[Address Reference Count : 1]<UL><LI> startup_stm32f429xx.o(RESET)
</UL>
<P><STRONG><a name="[41]"></a>DMA1_Stream7_IRQHandler</STRONG> (Thumb, 0 bytes, Stack size 0 bytes, startup_stm32f429xx.o(.text))
<BR>[Address Reference Count : 1]<UL><LI> startup_stm32f429xx.o(RESET)
</UL>
<P><STRONG><a name="[6b]"></a>DMA2D_IRQHandler</STRONG> (Thumb, 0 bytes, Stack size 0 bytes, startup_stm32f429xx.o(.text))
<BR>[Address Reference Count : 1]<UL><LI> startup_stm32f429xx.o(RESET)
</UL>
<P><STRONG><a name="[4a]"></a>DMA2_Stream0_IRQHandler</STRONG> (Thumb, 0 bytes, Stack size 0 bytes, startup_stm32f429xx.o(.text))
<BR>[Address Reference Count : 1]<UL><LI> startup_stm32f429xx.o(RESET)
</UL>
<P><STRONG><a name="[4b]"></a>DMA2_Stream1_IRQHandler</STRONG> (Thumb, 0 bytes, Stack size 0 bytes, startup_stm32f429xx.o(.text))
<BR>[Address Reference Count : 1]<UL><LI> startup_stm32f429xx.o(RESET)
</UL>
<P><STRONG><a name="[4c]"></a>DMA2_Stream2_IRQHandler</STRONG> (Thumb, 0 bytes, Stack size 0 bytes, startup_stm32f429xx.o(.text))
<BR>[Address Reference Count : 1]<UL><LI> startup_stm32f429xx.o(RESET)
</UL>
<P><STRONG><a name="[4e]"></a>DMA2_Stream4_IRQHandler</STRONG> (Thumb, 0 bytes, Stack size 0 bytes, startup_stm32f429xx.o(.text))
<BR>[Address Reference Count : 1]<UL><LI> startup_stm32f429xx.o(RESET)
</UL>
<P><STRONG><a name="[56]"></a>DMA2_Stream5_IRQHandler</STRONG> (Thumb, 0 bytes, Stack size 0 bytes, startup_stm32f429xx.o(.text))
<BR>[Address Reference Count : 1]<UL><LI> startup_stm32f429xx.o(RESET)
</UL>
<P><STRONG><a name="[58]"></a>DMA2_Stream7_IRQHandler</STRONG> (Thumb, 0 bytes, Stack size 0 bytes, startup_stm32f429xx.o(.text))
<BR>[Address Reference Count : 1]<UL><LI> startup_stm32f429xx.o(RESET)
</UL>
<P><STRONG><a name="[4f]"></a>ETH_IRQHandler</STRONG> (Thumb, 0 bytes, Stack size 0 bytes, startup_stm32f429xx.o(.text))
<BR>[Address Reference Count : 1]<UL><LI> startup_stm32f429xx.o(RESET)
</UL>
<P><STRONG><a name="[50]"></a>ETH_WKUP_IRQHandler</STRONG> (Thumb, 0 bytes, Stack size 0 bytes, startup_stm32f429xx.o(.text))
<BR>[Address Reference Count : 1]<UL><LI> startup_stm32f429xx.o(RESET)
</UL>
<P><STRONG><a name="[18]"></a>EXTI0_IRQHandler</STRONG> (Thumb, 0 bytes, Stack size 0 bytes, startup_stm32f429xx.o(.text))
<BR>[Address Reference Count : 1]<UL><LI> startup_stm32f429xx.o(RESET)
</UL>
<P><STRONG><a name="[3a]"></a>EXTI15_10_IRQHandler</STRONG> (Thumb, 0 bytes, Stack size 0 bytes, startup_stm32f429xx.o(.text))
<BR>[Address Reference Count : 1]<UL><LI> startup_stm32f429xx.o(RESET)
</UL>
<P><STRONG><a name="[19]"></a>EXTI1_IRQHandler</STRONG> (Thumb, 0 bytes, Stack size 0 bytes, startup_stm32f429xx.o(.text))
<BR>[Address Reference Count : 1]<UL><LI> startup_stm32f429xx.o(RESET)
</UL>
<P><STRONG><a name="[1a]"></a>EXTI2_IRQHandler</STRONG> (Thumb, 0 bytes, Stack size 0 bytes, startup_stm32f429xx.o(.text))
<BR>[Address Reference Count : 1]<UL><LI> startup_stm32f429xx.o(RESET)
</UL>
<P><STRONG><a name="[1b]"></a>EXTI3_IRQHandler</STRONG> (Thumb, 0 bytes, Stack size 0 bytes, startup_stm32f429xx.o(.text))
<BR>[Address Reference Count : 1]<UL><LI> startup_stm32f429xx.o(RESET)
</UL>
<P><STRONG><a name="[1c]"></a>EXTI4_IRQHandler</STRONG> (Thumb, 0 bytes, Stack size 0 bytes, startup_stm32f429xx.o(.text))
<BR>[Address Reference Count : 1]<UL><LI> startup_stm32f429xx.o(RESET)
</UL>
<P><STRONG><a name="[29]"></a>EXTI9_5_IRQHandler</STRONG> (Thumb, 0 bytes, Stack size 0 bytes, startup_stm32f429xx.o(.text))
<BR>[Address Reference Count : 1]<UL><LI> startup_stm32f429xx.o(RESET)
</UL>
<P><STRONG><a name="[16]"></a>FLASH_IRQHandler</STRONG> (Thumb, 0 bytes, Stack size 0 bytes, startup_stm32f429xx.o(.text))
<BR>[Address Reference Count : 1]<UL><LI> startup_stm32f429xx.o(RESET)
</UL>
<P><STRONG><a name="[42]"></a>FMC_IRQHandler</STRONG> (Thumb, 0 bytes, Stack size 0 bytes, startup_stm32f429xx.o(.text))
<BR>[Address Reference Count : 1]<UL><LI> startup_stm32f429xx.o(RESET)
</UL>
<P><STRONG><a name="[62]"></a>FPU_IRQHandler</STRONG> (Thumb, 0 bytes, Stack size 0 bytes, startup_stm32f429xx.o(.text))
<BR>[Address Reference Count : 1]<UL><LI> startup_stm32f429xx.o(RESET)
</UL>
<P><STRONG><a name="[61]"></a>HASH_RNG_IRQHandler</STRONG> (Thumb, 0 bytes, Stack size 0 bytes, startup_stm32f429xx.o(.text))
<BR>[Address Reference Count : 1]<UL><LI> startup_stm32f429xx.o(RESET)
</UL>
<P><STRONG><a name="[32]"></a>I2C1_ER_IRQHandler</STRONG> (Thumb, 0 bytes, Stack size 0 bytes, startup_stm32f429xx.o(.text))
<BR>[Address Reference Count : 1]<UL><LI> startup_stm32f429xx.o(RESET)
</UL>
<P><STRONG><a name="[31]"></a>I2C1_EV_IRQHandler</STRONG> (Thumb, 0 bytes, Stack size 0 bytes, startup_stm32f429xx.o(.text))
<BR>[Address Reference Count : 1]<UL><LI> startup_stm32f429xx.o(RESET)
</UL>
<P><STRONG><a name="[34]"></a>I2C2_ER_IRQHandler</STRONG> (Thumb, 0 bytes, Stack size 0 bytes, startup_stm32f429xx.o(.text))
<BR>[Address Reference Count : 1]<UL><LI> startup_stm32f429xx.o(RESET)
</UL>
<P><STRONG><a name="[33]"></a>I2C2_EV_IRQHandler</STRONG> (Thumb, 0 bytes, Stack size 0 bytes, startup_stm32f429xx.o(.text))
<BR>[Address Reference Count : 1]<UL><LI> startup_stm32f429xx.o(RESET)
</UL>
<P><STRONG><a name="[5b]"></a>I2C3_ER_IRQHandler</STRONG> (Thumb, 0 bytes, Stack size 0 bytes, startup_stm32f429xx.o(.text))
<BR>[Address Reference Count : 1]<UL><LI> startup_stm32f429xx.o(RESET)
</UL>
<P><STRONG><a name="[5a]"></a>I2C3_EV_IRQHandler</STRONG> (Thumb, 0 bytes, Stack size 0 bytes, startup_stm32f429xx.o(.text))
<BR>[Address Reference Count : 1]<UL><LI> startup_stm32f429xx.o(RESET)
</UL>
<P><STRONG><a name="[6a]"></a>LTDC_ER_IRQHandler</STRONG> (Thumb, 0 bytes, Stack size 0 bytes, startup_stm32f429xx.o(.text))
<BR>[Address Reference Count : 1]<UL><LI> startup_stm32f429xx.o(RESET)
</UL>
<P><STRONG><a name="[55]"></a>OTG_FS_IRQHandler</STRONG> (Thumb, 0 bytes, Stack size 0 bytes, startup_stm32f429xx.o(.text))
<BR>[Address Reference Count : 1]<UL><LI> startup_stm32f429xx.o(RESET)
</UL>
<P><STRONG><a name="[3c]"></a>OTG_FS_WKUP_IRQHandler</STRONG> (Thumb, 0 bytes, Stack size 0 bytes, startup_stm32f429xx.o(.text))
<BR>[Address Reference Count : 1]<UL><LI> startup_stm32f429xx.o(RESET)
</UL>
<P><STRONG><a name="[5d]"></a>OTG_HS_EP1_IN_IRQHandler</STRONG> (Thumb, 0 bytes, Stack size 0 bytes, startup_stm32f429xx.o(.text))
<BR>[Address Reference Count : 1]<UL><LI> startup_stm32f429xx.o(RESET)
</UL>
<P><STRONG><a name="[5c]"></a>OTG_HS_EP1_OUT_IRQHandler</STRONG> (Thumb, 0 bytes, Stack size 0 bytes, startup_stm32f429xx.o(.text))
<BR>[Address Reference Count : 1]<UL><LI> startup_stm32f429xx.o(RESET)
</UL>
<P><STRONG><a name="[5f]"></a>OTG_HS_IRQHandler</STRONG> (Thumb, 0 bytes, Stack size 0 bytes, startup_stm32f429xx.o(.text))
<BR>[Address Reference Count : 1]<UL><LI> startup_stm32f429xx.o(RESET)
</UL>
<P><STRONG><a name="[5e]"></a>OTG_HS_WKUP_IRQHandler</STRONG> (Thumb, 0 bytes, Stack size 0 bytes, startup_stm32f429xx.o(.text))
<BR>[Address Reference Count : 1]<UL><LI> startup_stm32f429xx.o(RESET)
</UL>
<P><STRONG><a name="[13]"></a>PVD_IRQHandler</STRONG> (Thumb, 0 bytes, Stack size 0 bytes, startup_stm32f429xx.o(.text))
<BR>[Address Reference Count : 1]<UL><LI> startup_stm32f429xx.o(RESET)
</UL>
<P><STRONG><a name="[17]"></a>RCC_IRQHandler</STRONG> (Thumb, 0 bytes, Stack size 0 bytes, startup_stm32f429xx.o(.text))
<BR>[Address Reference Count : 1]<UL><LI> startup_stm32f429xx.o(RESET)
</UL>
<P><STRONG><a name="[3b]"></a>RTC_Alarm_IRQHandler</STRONG> (Thumb, 0 bytes, Stack size 0 bytes, startup_stm32f429xx.o(.text))
<BR>[Address Reference Count : 1]<UL><LI> startup_stm32f429xx.o(RESET)
</UL>
<P><STRONG><a name="[15]"></a>RTC_WKUP_IRQHandler</STRONG> (Thumb, 0 bytes, Stack size 0 bytes, startup_stm32f429xx.o(.text))
<BR>[Address Reference Count : 1]<UL><LI> startup_stm32f429xx.o(RESET)
</UL>
<P><STRONG><a name="[68]"></a>SAI1_IRQHandler</STRONG> (Thumb, 0 bytes, Stack size 0 bytes, startup_stm32f429xx.o(.text))
<BR>[Address Reference Count : 1]<UL><LI> startup_stm32f429xx.o(RESET)
</UL>
<P><STRONG><a name="[35]"></a>SPI1_IRQHandler</STRONG> (Thumb, 0 bytes, Stack size 0 bytes, startup_stm32f429xx.o(.text))
<BR>[Address Reference Count : 1]<UL><LI> startup_stm32f429xx.o(RESET)
</UL>
<P><STRONG><a name="[36]"></a>SPI2_IRQHandler</STRONG> (Thumb, 0 bytes, Stack size 0 bytes, startup_stm32f429xx.o(.text))
<BR>[Address Reference Count : 1]<UL><LI> startup_stm32f429xx.o(RESET)
</UL>
<P><STRONG><a name="[45]"></a>SPI3_IRQHandler</STRONG> (Thumb, 0 bytes, Stack size 0 bytes, startup_stm32f429xx.o(.text))
<BR>[Address Reference Count : 1]<UL><LI> startup_stm32f429xx.o(RESET)
</UL>
<P><STRONG><a name="[65]"></a>SPI4_IRQHandler</STRONG> (Thumb, 0 bytes, Stack size 0 bytes, startup_stm32f429xx.o(.text))
<BR>[Address Reference Count : 1]<UL><LI> startup_stm32f429xx.o(RESET)
</UL>
<P><STRONG><a name="[66]"></a>SPI5_IRQHandler</STRONG> (Thumb, 0 bytes, Stack size 0 bytes, startup_stm32f429xx.o(.text))
<BR>[Address Reference Count : 1]<UL><LI> startup_stm32f429xx.o(RESET)
</UL>
<P><STRONG><a name="[67]"></a>SPI6_IRQHandler</STRONG> (Thumb, 0 bytes, Stack size 0 bytes, startup_stm32f429xx.o(.text))
<BR>[Address Reference Count : 1]<UL><LI> startup_stm32f429xx.o(RESET)
</UL>
<P><STRONG><a name="[14]"></a>TAMP_STAMP_IRQHandler</STRONG> (Thumb, 0 bytes, Stack size 0 bytes, startup_stm32f429xx.o(.text))
<BR>[Address Reference Count : 1]<UL><LI> startup_stm32f429xx.o(RESET)
</UL>
<P><STRONG><a name="[2a]"></a>TIM1_BRK_TIM9_IRQHandler</STRONG> (Thumb, 0 bytes, Stack size 0 bytes, startup_stm32f429xx.o(.text))
<BR>[Address Reference Count : 1]<UL><LI> startup_stm32f429xx.o(RESET)
</UL>
<P><STRONG><a name="[2d]"></a>TIM1_CC_IRQHandler</STRONG> (Thumb, 0 bytes, Stack size 0 bytes, startup_stm32f429xx.o(.text))
<BR>[Address Reference Count : 1]<UL><LI> startup_stm32f429xx.o(RESET)
</UL>
<P><STRONG><a name="[2c]"></a>TIM1_TRG_COM_TIM11_IRQHandler</STRONG> (Thumb, 0 bytes, Stack size 0 bytes, startup_stm32f429xx.o(.text))
<BR>[Address Reference Count : 1]<UL><LI> startup_stm32f429xx.o(RESET)
</UL>
<P><STRONG><a name="[2b]"></a>TIM1_UP_TIM10_IRQHandler</STRONG> (Thumb, 0 bytes, Stack size 0 bytes, startup_stm32f429xx.o(.text))
<BR>[Address Reference Count : 1]<UL><LI> startup_stm32f429xx.o(RESET)
</UL>
<P><STRONG><a name="[2e]"></a>TIM2_IRQHandler</STRONG> (Thumb, 0 bytes, Stack size 0 bytes, startup_stm32f429xx.o(.text))
<BR>[Address Reference Count : 1]<UL><LI> startup_stm32f429xx.o(RESET)
</UL>
<P><STRONG><a name="[2f]"></a>TIM3_IRQHandler</STRONG> (Thumb, 0 bytes, Stack size 0 bytes, startup_stm32f429xx.o(.text))
<BR>[Address Reference Count : 1]<UL><LI> startup_stm32f429xx.o(RESET)
</UL>
<P><STRONG><a name="[30]"></a>TIM4_IRQHandler</STRONG> (Thumb, 0 bytes, Stack size 0 bytes, startup_stm32f429xx.o(.text))
<BR>[Address Reference Count : 1]<UL><LI> startup_stm32f429xx.o(RESET)
</UL>
<P><STRONG><a name="[44]"></a>TIM5_IRQHandler</STRONG> (Thumb, 0 bytes, Stack size 0 bytes, startup_stm32f429xx.o(.text))
<BR>[Address Reference Count : 1]<UL><LI> startup_stm32f429xx.o(RESET)
</UL>
<P><STRONG><a name="[48]"></a>TIM6_DAC_IRQHandler</STRONG> (Thumb, 0 bytes, Stack size 0 bytes, startup_stm32f429xx.o(.text))
<BR>[Address Reference Count : 1]<UL><LI> startup_stm32f429xx.o(RESET)
</UL>
<P><STRONG><a name="[49]"></a>TIM7_IRQHandler</STRONG> (Thumb, 0 bytes, Stack size 0 bytes, startup_stm32f429xx.o(.text))
<BR>[Address Reference Count : 1]<UL><LI> startup_stm32f429xx.o(RESET)
</UL>
<P><STRONG><a name="[3d]"></a>TIM8_BRK_TIM12_IRQHandler</STRONG> (Thumb, 0 bytes, Stack size 0 bytes, startup_stm32f429xx.o(.text))
<BR>[Address Reference Count : 1]<UL><LI> startup_stm32f429xx.o(RESET)
</UL>
<P><STRONG><a name="[40]"></a>TIM8_CC_IRQHandler</STRONG> (Thumb, 0 bytes, Stack size 0 bytes, startup_stm32f429xx.o(.text))
<BR>[Address Reference Count : 1]<UL><LI> startup_stm32f429xx.o(RESET)
</UL>
<P><STRONG><a name="[3f]"></a>TIM8_TRG_COM_TIM14_IRQHandler</STRONG> (Thumb, 0 bytes, Stack size 0 bytes, startup_stm32f429xx.o(.text))
<BR>[Address Reference Count : 1]<UL><LI> startup_stm32f429xx.o(RESET)
</UL>
<P><STRONG><a name="[3e]"></a>TIM8_UP_TIM13_IRQHandler</STRONG> (Thumb, 0 bytes, Stack size 0 bytes, startup_stm32f429xx.o(.text))
<BR>[Address Reference Count : 1]<UL><LI> startup_stm32f429xx.o(RESET)
</UL>
<P><STRONG><a name="[46]"></a>UART4_IRQHandler</STRONG> (Thumb, 0 bytes, Stack size 0 bytes, startup_stm32f429xx.o(.text))
<BR>[Address Reference Count : 1]<UL><LI> startup_stm32f429xx.o(RESET)
</UL>
<P><STRONG><a name="[47]"></a>UART5_IRQHandler</STRONG> (Thumb, 0 bytes, Stack size 0 bytes, startup_stm32f429xx.o(.text))
<BR>[Address Reference Count : 1]<UL><LI> startup_stm32f429xx.o(RESET)
</UL>
<P><STRONG><a name="[63]"></a>UART7_IRQHandler</STRONG> (Thumb, 0 bytes, Stack size 0 bytes, startup_stm32f429xx.o(.text))
<BR>[Address Reference Count : 1]<UL><LI> startup_stm32f429xx.o(RESET)
</UL>
<P><STRONG><a name="[64]"></a>UART8_IRQHandler</STRONG> (Thumb, 0 bytes, Stack size 0 bytes, startup_stm32f429xx.o(.text))
<BR>[Address Reference Count : 1]<UL><LI> startup_stm32f429xx.o(RESET)
</UL>
<P><STRONG><a name="[38]"></a>USART2_IRQHandler</STRONG> (Thumb, 0 bytes, Stack size 0 bytes, startup_stm32f429xx.o(.text))
<BR>[Address Reference Count : 1]<UL><LI> startup_stm32f429xx.o(RESET)
</UL>
<P><STRONG><a name="[39]"></a>USART3_IRQHandler</STRONG> (Thumb, 0 bytes, Stack size 0 bytes, startup_stm32f429xx.o(.text))
<BR>[Address Reference Count : 1]<UL><LI> startup_stm32f429xx.o(RESET)
</UL>
<P><STRONG><a name="[59]"></a>USART6_IRQHandler</STRONG> (Thumb, 0 bytes, Stack size 0 bytes, startup_stm32f429xx.o(.text))
<BR>[Address Reference Count : 1]<UL><LI> startup_stm32f429xx.o(RESET)
</UL>
<P><STRONG><a name="[12]"></a>WWDG_IRQHandler</STRONG> (Thumb, 0 bytes, Stack size 0 bytes, startup_stm32f429xx.o(.text))
<BR>[Address Reference Count : 1]<UL><LI> startup_stm32f429xx.o(RESET)
</UL>
<P><STRONG><a name="[169]"></a>__user_initial_stackheap</STRONG> (Thumb, 0 bytes, Stack size unknown bytes, startup_stm32f429xx.o(.text))
<BR><BR>[Called By]<UL><LI><a href="#[124]">&gt;&gt;</a>&nbsp;&nbsp;&nbsp;__user_setup_stackheap
</UL>

<P><STRONG><a name="[3d9]"></a>__use_no_semihosting</STRONG> (Thumb, 2 bytes, Stack size 0 bytes, use_no_semi_2.o(.text), UNUSED)

<P><STRONG><a name="[142]"></a>__aeabi_errno_addr</STRONG> (Thumb, 8 bytes, Stack size 0 bytes, rt_errno_addr_intlibspace.o(.text))
<BR><BR>[Called By]<UL><LI><a href="#[13f]">&gt;&gt;</a>&nbsp;&nbsp;&nbsp;_ftell_internal
</UL>

<P><STRONG><a name="[3da]"></a>__errno$intlibspace</STRONG> (Thumb, 0 bytes, Stack size 0 bytes, rt_errno_addr_intlibspace.o(.text), UNUSED)

<P><STRONG><a name="[3db]"></a>__rt_errno_addr$intlibspace</STRONG> (Thumb, 0 bytes, Stack size 0 bytes, rt_errno_addr_intlibspace.o(.text), UNUSED)

<P><STRONG><a name="[3dc]"></a>__use_no_heap_region</STRONG> (Thumb, 2 bytes, Stack size 0 bytes, hrguard.o(.text), UNUSED)

<P><STRONG><a name="[3dd]"></a>__heap_region$guard</STRONG> (Thumb, 2 bytes, Stack size 0 bytes, hrguard.o(.text), UNUSED)

<P><STRONG><a name="[1ed]"></a>__aeabi_uldivmod</STRONG> (Thumb, 0 bytes, Stack size 48 bytes, lludivv7m.o(.text))
<BR><BR>[Stack]<UL><LI>Max Depth = 48<LI>Call Chain = __aeabi_uldivmod
</UL>
<BR>[Called By]<UL><LI><a href="#[1ec]">&gt;&gt;</a>&nbsp;&nbsp;&nbsp;FF_SDDiskShowPartition
</UL>

<P><STRONG><a name="[3de]"></a>_ll_udiv</STRONG> (Thumb, 240 bytes, Stack size 48 bytes, lludivv7m.o(.text), UNUSED)

<P><STRONG><a name="[12e]"></a>__2printf</STRONG> (Thumb, 20 bytes, Stack size 24 bytes, __2printf.o(.text))
<BR><BR>[Stack]<UL><LI>Max Depth = 144 + Unknown Stack Size
<LI>Call Chain = __2printf &rArr; _printf_char_file &rArr; _printf_char_common &rArr; __printf
</UL>
<BR>[Calls]<UL><LI><a href="#[12f]">&gt;&gt;</a>&nbsp;&nbsp;&nbsp;_printf_char_file
</UL>
<BR>[Called By]<UL><LI><a href="#[234]">&gt;&gt;</a>&nbsp;&nbsp;&nbsp;vPortDefineHeapRegions
<LI><a href="#[294]">&gt;&gt;</a>&nbsp;&nbsp;&nbsp;vTaskStartScheduler
<LI><a href="#[2b8]">&gt;&gt;</a>&nbsp;&nbsp;&nbsp;vTaskDelete
<LI><a href="#[20b]">&gt;&gt;</a>&nbsp;&nbsp;&nbsp;vTaskDelay
<LI><a href="#[264]">&gt;&gt;</a>&nbsp;&nbsp;&nbsp;HW_Touch_Init
<LI><a href="#[181]">&gt;&gt;</a>&nbsp;&nbsp;&nbsp;FF_SDDiskInit
<LI><a href="#[2b0]">&gt;&gt;</a>&nbsp;&nbsp;&nbsp;xTimerGenericCommand
<LI><a href="#[194]">&gt;&gt;</a>&nbsp;&nbsp;&nbsp;vPortFree
<LI><a href="#[1b5]">&gt;&gt;</a>&nbsp;&nbsp;&nbsp;pvPortMalloc
<LI><a href="#[291]">&gt;&gt;</a>&nbsp;&nbsp;&nbsp;prvABSPath
<LI><a href="#[12d]">&gt;&gt;</a>&nbsp;&nbsp;&nbsp;_sys_exit
<LI><a href="#[1df]">&gt;&gt;</a>&nbsp;&nbsp;&nbsp;FF_Open
<LI><a href="#[2a1]">&gt;&gt;</a>&nbsp;&nbsp;&nbsp;prvDeleteTCB
<LI><a href="#[2a2]">&gt;&gt;</a>&nbsp;&nbsp;&nbsp;vTaskSetTimeOutState
<LI><a href="#[2ac]">&gt;&gt;</a>&nbsp;&nbsp;&nbsp;xTaskRemoveFromEventList
<LI><a href="#[2a0]">&gt;&gt;</a>&nbsp;&nbsp;&nbsp;xTaskPriorityDisinherit
<LI><a href="#[2a3]">&gt;&gt;</a>&nbsp;&nbsp;&nbsp;xTaskCheckForTimeOut
<LI><a href="#[1e1]">&gt;&gt;</a>&nbsp;&nbsp;&nbsp;xQueueTakeMutexRecursive
<LI><a href="#[213]">&gt;&gt;</a>&nbsp;&nbsp;&nbsp;xQueueSemaphoreTake
<LI><a href="#[2b2]">&gt;&gt;</a>&nbsp;&nbsp;&nbsp;xQueueReceive
<LI><a href="#[1e4]">&gt;&gt;</a>&nbsp;&nbsp;&nbsp;xQueueGiveMutexRecursive
<LI><a href="#[173]">&gt;&gt;</a>&nbsp;&nbsp;&nbsp;xQueueGiveFromISR
<LI><a href="#[2cb]">&gt;&gt;</a>&nbsp;&nbsp;&nbsp;xQueueGenericSendFromISR
<LI><a href="#[211]">&gt;&gt;</a>&nbsp;&nbsp;&nbsp;xQueueGenericSend
<LI><a href="#[2c9]">&gt;&gt;</a>&nbsp;&nbsp;&nbsp;xQueueGenericReset
<LI><a href="#[29d]">&gt;&gt;</a>&nbsp;&nbsp;&nbsp;xQueueGenericCreateStatic
<LI><a href="#[210]">&gt;&gt;</a>&nbsp;&nbsp;&nbsp;xQueueGenericCreate
<LI><a href="#[2bf]">&gt;&gt;</a>&nbsp;&nbsp;&nbsp;vTaskPriorityDisinheritAfterTimeout
<LI><a href="#[2bc]">&gt;&gt;</a>&nbsp;&nbsp;&nbsp;vTaskPlaceOnEventListRestricted
<LI><a href="#[2bd]">&gt;&gt;</a>&nbsp;&nbsp;&nbsp;vTaskPlaceOnEventList
<LI><a href="#[2bb]">&gt;&gt;</a>&nbsp;&nbsp;&nbsp;vPortValidateInterruptPriority
<LI><a href="#[2ab]">&gt;&gt;</a>&nbsp;&nbsp;&nbsp;prvNotifyQueueSetContainer
<LI><a href="#[1c4]">&gt;&gt;</a>&nbsp;&nbsp;&nbsp;xTaskResumeAll
<LI><a href="#[18b]">&gt;&gt;</a>&nbsp;&nbsp;&nbsp;xEventGroupWaitBits
<LI><a href="#[189]">&gt;&gt;</a>&nbsp;&nbsp;&nbsp;xEventGroupSetBits
<LI><a href="#[1db]">&gt;&gt;</a>&nbsp;&nbsp;&nbsp;xEventGroupClearBits
<LI><a href="#[2ba]">&gt;&gt;</a>&nbsp;&nbsp;&nbsp;vTaskRemoveFromUnorderedEventList
<LI><a href="#[2be]">&gt;&gt;</a>&nbsp;&nbsp;&nbsp;vTaskPlaceOnUnorderedEventList
<LI><a href="#[1b9]">&gt;&gt;</a>&nbsp;&nbsp;&nbsp;vPortExitCritical
<LI><a href="#[1b8]">&gt;&gt;</a>&nbsp;&nbsp;&nbsp;vPortEnterCritical
<LI><a href="#[1bb]">&gt;&gt;</a>&nbsp;&nbsp;&nbsp;vEventGroupDelete
<LI><a href="#[19c]">&gt;&gt;</a>&nbsp;&nbsp;&nbsp;FF_UnlockFAT
<LI><a href="#[1af]">&gt;&gt;</a>&nbsp;&nbsp;&nbsp;FF_UnlockDirectory
<LI><a href="#[187]">&gt;&gt;</a>&nbsp;&nbsp;&nbsp;FF_ReleaseSemaphore
<LI><a href="#[18e]">&gt;&gt;</a>&nbsp;&nbsp;&nbsp;FF_ReleaseBuffer
<LI><a href="#[186]">&gt;&gt;</a>&nbsp;&nbsp;&nbsp;FF_PendSemaphore
<LI><a href="#[199]">&gt;&gt;</a>&nbsp;&nbsp;&nbsp;FF_LockFAT
<LI><a href="#[190]">&gt;&gt;</a>&nbsp;&nbsp;&nbsp;FF_GetBuffer
<LI><a href="#[8b]">&gt;&gt;</a>&nbsp;&nbsp;&nbsp;prvTaskExitError
<LI><a href="#[90]">&gt;&gt;</a>&nbsp;&nbsp;&nbsp;prvTimerTask
<LI><a href="#[2af]">&gt;&gt;</a>&nbsp;&nbsp;&nbsp;prvSampleTimeNow
<LI><a href="#[2c2]">&gt;&gt;</a>&nbsp;&nbsp;&nbsp;xTimerCreateTimerTask
<LI><a href="#[2c8]">&gt;&gt;</a>&nbsp;&nbsp;&nbsp;xTaskIncrementTick
<LI><a href="#[2c1]">&gt;&gt;</a>&nbsp;&nbsp;&nbsp;xTaskCreateStatic
<LI><a href="#[2c3]">&gt;&gt;</a>&nbsp;&nbsp;&nbsp;xPortStartScheduler
<LI><a href="#[110]">&gt;&gt;</a>&nbsp;&nbsp;&nbsp;vTaskSwitchContext
<LI><a href="#[2a4]">&gt;&gt;</a>&nbsp;&nbsp;&nbsp;vTaskSetThreadLocalStoragePointer
<LI><a href="#[1dc]">&gt;&gt;</a>&nbsp;&nbsp;&nbsp;FF_Mount
<LI><a href="#[1dd]">&gt;&gt;</a>&nbsp;&nbsp;&nbsp;FF_PartitionSearch
<LI><a href="#[183]">&gt;&gt;</a>&nbsp;&nbsp;&nbsp;FF_Assert_Lock
<LI><a href="#[1c1]">&gt;&gt;</a>&nbsp;&nbsp;&nbsp;FF_FS_Add
<LI><a href="#[247]">&gt;&gt;</a>&nbsp;&nbsp;&nbsp;HAL_SD_Init
<LI><a href="#[1ec]">&gt;&gt;</a>&nbsp;&nbsp;&nbsp;FF_SDDiskShowPartition
<LI><a href="#[1eb]">&gt;&gt;</a>&nbsp;&nbsp;&nbsp;FF_SDDiskMount
<LI><a href="#[1e9]">&gt;&gt;</a>&nbsp;&nbsp;&nbsp;prvSDMMCInit
<LI><a href="#[72]">&gt;&gt;</a>&nbsp;&nbsp;&nbsp;prvFFWrite
<LI><a href="#[73]">&gt;&gt;</a>&nbsp;&nbsp;&nbsp;prvFFRead
<LI><a href="#[242]">&gt;&gt;</a>&nbsp;&nbsp;&nbsp;SD_CmdResp1Error
<LI><a href="#[20f]">&gt;&gt;</a>&nbsp;&nbsp;&nbsp;GUI_X_InitOS
</UL>

<P><STRONG><a name="[130]"></a>__2snprintf</STRONG> (Thumb, 50 bytes, Stack size 40 bytes, __2snprintf.o(.text))
<BR><BR>[Stack]<UL><LI>Max Depth = 144 + Unknown Stack Size
<LI>Call Chain = __2snprintf &rArr; _printf_char_common &rArr; __printf
</UL>
<BR>[Calls]<UL><LI><a href="#[132]">&gt;&gt;</a>&nbsp;&nbsp;&nbsp;_sputc
<LI><a href="#[131]">&gt;&gt;</a>&nbsp;&nbsp;&nbsp;_printf_char_common
</UL>
<BR>[Called By]<UL><LI><a href="#[291]">&gt;&gt;</a>&nbsp;&nbsp;&nbsp;prvABSPath
<LI><a href="#[1a4]">&gt;&gt;</a>&nbsp;&nbsp;&nbsp;FF_FindShortName
<LI><a href="#[2a5]">&gt;&gt;</a>&nbsp;&nbsp;&nbsp;prvSDCodePrintable
</UL>

<P><STRONG><a name="[134]"></a>_printf_pre_padding</STRONG> (Thumb, 44 bytes, Stack size 16 bytes, _printf_pad.o(.text))
<BR><BR>[Stack]<UL><LI>Max Depth = 16<LI>Call Chain = _printf_pre_padding
</UL>
<BR>[Called By]<UL><LI><a href="#[133]">&gt;&gt;</a>&nbsp;&nbsp;&nbsp;_printf_str
<LI><a href="#[136]">&gt;&gt;</a>&nbsp;&nbsp;&nbsp;_printf_int_common
</UL>

<P><STRONG><a name="[135]"></a>_printf_post_padding</STRONG> (Thumb, 34 bytes, Stack size 16 bytes, _printf_pad.o(.text))
<BR><BR>[Stack]<UL><LI>Max Depth = 16<LI>Call Chain = _printf_post_padding
</UL>
<BR>[Called By]<UL><LI><a href="#[133]">&gt;&gt;</a>&nbsp;&nbsp;&nbsp;_printf_str
<LI><a href="#[136]">&gt;&gt;</a>&nbsp;&nbsp;&nbsp;_printf_int_common
</UL>

<P><STRONG><a name="[133]"></a>_printf_str</STRONG> (Thumb, 82 bytes, Stack size 16 bytes, _printf_str.o(.text))
<BR><BR>[Stack]<UL><LI>Max Depth = 32<LI>Call Chain = _printf_str &rArr; _printf_post_padding
</UL>
<BR>[Calls]<UL><LI><a href="#[135]">&gt;&gt;</a>&nbsp;&nbsp;&nbsp;_printf_post_padding
<LI><a href="#[134]">&gt;&gt;</a>&nbsp;&nbsp;&nbsp;_printf_pre_padding
</UL>
<BR>[Called By]<UL><LI><a href="#[15c]">&gt;&gt;</a>&nbsp;&nbsp;&nbsp;_printf_cs_common
</UL>

<P><STRONG><a name="[115]"></a>_printf_int_dec</STRONG> (Thumb, 104 bytes, Stack size 24 bytes, _printf_dec.o(.text))
<BR><BR>[Stack]<UL><LI>Max Depth = 72<LI>Call Chain = _printf_int_dec &rArr; _printf_int_common &rArr; _printf_post_padding
</UL>
<BR>[Calls]<UL><LI><a href="#[136]">&gt;&gt;</a>&nbsp;&nbsp;&nbsp;_printf_int_common
</UL>
<BR>[Called By]<UL><LI><a href="#[116]">&gt;&gt;</a>&nbsp;&nbsp;&nbsp;_printf_u
<LI><a href="#[114]">&gt;&gt;</a>&nbsp;&nbsp;&nbsp;_printf_d
</UL>

<P><STRONG><a name="[137]"></a>_printf_longlong_hex</STRONG> (Thumb, 86 bytes, Stack size 16 bytes, _printf_hex_int_ll_ptr.o(.text))
<BR><BR>[Stack]<UL><LI>Max Depth = 64<LI>Call Chain = _printf_longlong_hex &rArr; _printf_int_common &rArr; _printf_post_padding
</UL>
<BR>[Calls]<UL><LI><a href="#[136]">&gt;&gt;</a>&nbsp;&nbsp;&nbsp;_printf_int_common
</UL>
<BR>[Called By]<UL><LI><a href="#[139]">&gt;&gt;</a>&nbsp;&nbsp;&nbsp;_printf_hex_ptr
<LI><a href="#[138]">&gt;&gt;</a>&nbsp;&nbsp;&nbsp;_printf_ll_hex
<LI><a href="#[118]">&gt;&gt;</a>&nbsp;&nbsp;&nbsp;_printf_int_hex
</UL>

<P><STRONG><a name="[118]"></a>_printf_int_hex</STRONG> (Thumb, 28 bytes, Stack size 16 bytes, _printf_hex_int_ll_ptr.o(.text))
<BR><BR>[Stack]<UL><LI>Max Depth = 80<LI>Call Chain = _printf_int_hex &rArr; _printf_longlong_hex &rArr; _printf_int_common &rArr; _printf_post_padding
</UL>
<BR>[Calls]<UL><LI><a href="#[137]">&gt;&gt;</a>&nbsp;&nbsp;&nbsp;_printf_longlong_hex
</UL>
<BR>[Called By]<UL><LI><a href="#[117]">&gt;&gt;</a>&nbsp;&nbsp;&nbsp;_printf_x
</UL>

<P><STRONG><a name="[138]"></a>_printf_ll_hex</STRONG> (Thumb, 12 bytes, Stack size 0 bytes, _printf_hex_int_ll_ptr.o(.text), UNUSED)
<BR><BR>[Calls]<UL><LI><a href="#[137]">&gt;&gt;</a>&nbsp;&nbsp;&nbsp;_printf_longlong_hex
</UL>

<P><STRONG><a name="[139]"></a>_printf_hex_ptr</STRONG> (Thumb, 18 bytes, Stack size 0 bytes, _printf_hex_int_ll_ptr.o(.text), UNUSED)
<BR><BR>[Calls]<UL><LI><a href="#[137]">&gt;&gt;</a>&nbsp;&nbsp;&nbsp;_printf_longlong_hex
</UL>

<P><STRONG><a name="[13a]"></a>__printf</STRONG> (Thumb, 388 bytes, Stack size 40 bytes, __printf_flags_ss_wp.o(.text))
<BR><BR>[Stack]<UL><LI>Max Depth = 40 + Unknown Stack Size
<LI>Call Chain = __printf
</UL>
<BR>[Calls]<UL><LI><a href="#[13c]">&gt;&gt;</a>&nbsp;&nbsp;&nbsp;_printf_percent
<LI><a href="#[13b]">&gt;&gt;</a>&nbsp;&nbsp;&nbsp;_is_digit
</UL>
<BR>[Called By]<UL><LI><a href="#[131]">&gt;&gt;</a>&nbsp;&nbsp;&nbsp;_printf_char_common
</UL>

<P><STRONG><a name="[15d]"></a>ferror</STRONG> (Thumb, 8 bytes, Stack size 0 bytes, ferror.o(.text))
<BR><BR>[Called By]<UL><LI><a href="#[12f]">&gt;&gt;</a>&nbsp;&nbsp;&nbsp;_printf_char_file
</UL>

<P><STRONG><a name="[13d]"></a>_fseek</STRONG> (Thumb, 242 bytes, Stack size 24 bytes, fseek.o(.text))
<BR><BR>[Stack]<UL><LI>Max Depth = 32<LI>Call Chain = _fseek &rArr; _sys_flen
</UL>
<BR>[Calls]<UL><LI><a href="#[13e]">&gt;&gt;</a>&nbsp;&nbsp;&nbsp;_sys_istty
<LI><a href="#[140]">&gt;&gt;</a>&nbsp;&nbsp;&nbsp;_sys_flen
<LI><a href="#[13f]">&gt;&gt;</a>&nbsp;&nbsp;&nbsp;_ftell_internal
<LI><a href="#[141]">&gt;&gt;</a>&nbsp;&nbsp;&nbsp;_seterr
</UL>
<BR>[Called By]<UL><LI><a href="#[144]">&gt;&gt;</a>&nbsp;&nbsp;&nbsp;freopen
</UL>

<P><STRONG><a name="[3df]"></a>fseek</STRONG> (Thumb, 0 bytes, Stack size 24 bytes, fseek.o(.text), UNUSED)

<P><STRONG><a name="[13f]"></a>_ftell_internal</STRONG> (Thumb, 66 bytes, Stack size 8 bytes, ftell.o(.text))
<BR><BR>[Stack]<UL><LI>Max Depth = 8<LI>Call Chain = _ftell_internal
</UL>
<BR>[Calls]<UL><LI><a href="#[142]">&gt;&gt;</a>&nbsp;&nbsp;&nbsp;__aeabi_errno_addr
</UL>
<BR>[Called By]<UL><LI><a href="#[13d]">&gt;&gt;</a>&nbsp;&nbsp;&nbsp;_fseek
</UL>

<P><STRONG><a name="[3e0]"></a>ftell</STRONG> (Thumb, 0 bytes, Stack size 8 bytes, ftell.o(.text), UNUSED)

<P><STRONG><a name="[143]"></a>puts</STRONG> (Thumb, 40 bytes, Stack size 8 bytes, puts.o(.text))
<BR><BR>[Stack]<UL><LI>Max Depth = 40<LI>Call Chain = puts &rArr; fputc &rArr; __flsbuf_byte
</UL>
[...]
<LI><a href="#[310]">&gt;&gt;</a>&nbsp;&nbsp;&nbsp;GUI_ALLOC_LockH
</UL>
<BR>[Address Reference Count : 1]<UL><LI> guidev_16.o(.constdata)
</UL>
<P><STRONG><a name="[f9]"></a>_XorPixel</STRONG> (Thumb, 116 bytes, Stack size 32 bytes, guidev_16.o(i._XorPixel))
<BR><BR>[Stack]<UL><LI>Max Depth = 32<LI>Call Chain = _XorPixel
</UL>
<BR>[Calls]<UL><LI><a href="#[311]">&gt;&gt;</a>&nbsp;&nbsp;&nbsp;GUI_ALLOC_UnlockH
<LI><a href="#[310]">&gt;&gt;</a>&nbsp;&nbsp;&nbsp;GUI_ALLOC_LockH
</UL>
<BR>[Address Reference Count : 1]<UL><LI> guidev_16.o(.constdata)
</UL>
<P><STRONG><a name="[387]"></a>WM__PaintWinAndOverlays</STRONG> (Thumb, 294 bytes, Stack size 48 bytes, wm.o(i.WM__PaintWinAndOverlays))
<BR><BR>[Stack]<UL><LI>Max Depth = 120<LI>Call Chain = WM__PaintWinAndOverlays &rArr; _PaintTransChildren &rArr;  _PaintTransChildren (Cycle)
</UL>
<BR>[Calls]<UL><LI><a href="#[373]">&gt;&gt;</a>&nbsp;&nbsp;&nbsp;GUI__IntersectRects
<LI><a href="#[35f]">&gt;&gt;</a>&nbsp;&nbsp;&nbsp;GUI_RectsIntersect
<LI><a href="#[331]">&gt;&gt;</a>&nbsp;&nbsp;&nbsp;GUI_ALLOC_h2p
<LI><a href="#[311]">&gt;&gt;</a>&nbsp;&nbsp;&nbsp;GUI_ALLOC_UnlockH
<LI><a href="#[310]">&gt;&gt;</a>&nbsp;&nbsp;&nbsp;GUI_ALLOC_LockH
<LI><a href="#[3ac]">&gt;&gt;</a>&nbsp;&nbsp;&nbsp;_PaintTransChildren
</UL>
<BR>[Called By]<UL><LI><a href="#[2fb]">&gt;&gt;</a>&nbsp;&nbsp;&nbsp;WM_Exec
<LI><a href="#[9a]">&gt;&gt;</a>&nbsp;&nbsp;&nbsp;_cbPaintMemDev
</UL>

<P><STRONG><a name="[384]"></a>_DeleteAllChildren</STRONG> (Thumb, 18 bytes, Stack size 8 bytes, wm.o(i._DeleteAllChildren))
<BR><BR>[Stack]<UL><LI>Max Depth = 8 + In Cycle
<LI>Call Chain = _DeleteAllChildren &rArr;  WM_DeleteWindow (Cycle)
</UL>
<BR>[Calls]<UL><LI><a href="#[381]">&gt;&gt;</a>&nbsp;&nbsp;&nbsp;WM_DeleteWindow
</UL>
<BR>[Called By]<UL><LI><a href="#[381]">&gt;&gt;</a>&nbsp;&nbsp;&nbsp;WM_DeleteWindow
</UL>

<P><STRONG><a name="[3a8]"></a>_Findx0</STRONG> (Thumb, 138 bytes, Stack size 40 bytes, wm.o(i._Findx0))
<BR><BR>[Stack]<UL><LI>Max Depth = 48 + In Cycle
<LI>Call Chain = _Findx0 &rArr;  _Findx0 (Cycle)
</UL>
<BR>[Calls]<UL><LI><a href="#[373]">&gt;&gt;</a>&nbsp;&nbsp;&nbsp;GUI__IntersectRects
<LI><a href="#[35f]">&gt;&gt;</a>&nbsp;&nbsp;&nbsp;GUI_RectsIntersect
<LI><a href="#[331]">&gt;&gt;</a>&nbsp;&nbsp;&nbsp;GUI_ALLOC_h2p
<LI><a href="#[311]">&gt;&gt;</a>&nbsp;&nbsp;&nbsp;GUI_ALLOC_UnlockH
<LI><a href="#[310]">&gt;&gt;</a>&nbsp;&nbsp;&nbsp;GUI_ALLOC_LockH
<LI><a href="#[3a8]">&gt;&gt;</a>&nbsp;&nbsp;&nbsp;_Findx0
</UL>
<BR>[Called By]<UL><LI><a href="#[2ed]">&gt;&gt;</a>&nbsp;&nbsp;&nbsp;WM__GetNextIVR
<LI><a href="#[3a8]">&gt;&gt;</a>&nbsp;&nbsp;&nbsp;_Findx0
</UL>

<P><STRONG><a name="[3a9]"></a>_Findx1</STRONG> (Thumb, 128 bytes, Stack size 32 bytes, wm.o(i._Findx1))
<BR><BR>[Stack]<UL><LI>Max Depth = 40 + In Cycle
<LI>Call Chain = _Findx1 &rArr;  _Findx1 (Cycle)
</UL>
<BR>[Calls]<UL><LI><a href="#[373]">&gt;&gt;</a>&nbsp;&nbsp;&nbsp;GUI__IntersectRects
<LI><a href="#[35f]">&gt;&gt;</a>&nbsp;&nbsp;&nbsp;GUI_RectsIntersect
<LI><a href="#[331]">&gt;&gt;</a>&nbsp;&nbsp;&nbsp;GUI_ALLOC_h2p
<LI><a href="#[311]">&gt;&gt;</a>&nbsp;&nbsp;&nbsp;GUI_ALLOC_UnlockH
<LI><a href="#[310]">&gt;&gt;</a>&nbsp;&nbsp;&nbsp;GUI_ALLOC_LockH
<LI><a href="#[3a9]">&gt;&gt;</a>&nbsp;&nbsp;&nbsp;_Findx1
</UL>
<BR>[Called By]<UL><LI><a href="#[2ed]">&gt;&gt;</a>&nbsp;&nbsp;&nbsp;WM__GetNextIVR
<LI><a href="#[3a9]">&gt;&gt;</a>&nbsp;&nbsp;&nbsp;_Findx1
</UL>

<P><STRONG><a name="[3a7]"></a>_Findy1</STRONG> (Thumb, 180 bytes, Stack size 32 bytes, wm.o(i._Findy1))
<BR><BR>[Stack]<UL><LI>Max Depth = 40 + In Cycle
<LI>Call Chain = _Findy1 &rArr;  _Findy1 (Cycle)
</UL>
<BR>[Calls]<UL><LI><a href="#[373]">&gt;&gt;</a>&nbsp;&nbsp;&nbsp;GUI__IntersectRects
<LI><a href="#[35f]">&gt;&gt;</a>&nbsp;&nbsp;&nbsp;GUI_RectsIntersect
<LI><a href="#[331]">&gt;&gt;</a>&nbsp;&nbsp;&nbsp;GUI_ALLOC_h2p
<LI><a href="#[311]">&gt;&gt;</a>&nbsp;&nbsp;&nbsp;GUI_ALLOC_UnlockH
<LI><a href="#[310]">&gt;&gt;</a>&nbsp;&nbsp;&nbsp;GUI_ALLOC_LockH
<LI><a href="#[3a7]">&gt;&gt;</a>&nbsp;&nbsp;&nbsp;_Findy1
</UL>
<BR>[Called By]<UL><LI><a href="#[2ed]">&gt;&gt;</a>&nbsp;&nbsp;&nbsp;WM__GetNextIVR
<LI><a href="#[3a7]">&gt;&gt;</a>&nbsp;&nbsp;&nbsp;_Findy1
</UL>

<P><STRONG><a name="[399]"></a>_Invalidate1Abs</STRONG> (Thumb, 236 bytes, Stack size 40 bytes, wm.o(i._Invalidate1Abs))
<BR><BR>[Stack]<UL><LI>Max Depth = 48<LI>Call Chain = _Invalidate1Abs &rArr; GUI__IntersectRects
</UL>
<BR>[Calls]<UL><LI><a href="#[373]">&gt;&gt;</a>&nbsp;&nbsp;&nbsp;GUI__IntersectRects
<LI><a href="#[39f]">&gt;&gt;</a>&nbsp;&nbsp;&nbsp;GUI_MergeRect
<LI><a href="#[331]">&gt;&gt;</a>&nbsp;&nbsp;&nbsp;GUI_ALLOC_h2p
<LI><a href="#[311]">&gt;&gt;</a>&nbsp;&nbsp;&nbsp;GUI_ALLOC_UnlockH
<LI><a href="#[310]">&gt;&gt;</a>&nbsp;&nbsp;&nbsp;GUI_ALLOC_LockH
<LI><a href="#[33f]">&gt;&gt;</a>&nbsp;&nbsp;&nbsp;GUI_SignalEvent
</UL>
<BR>[Called By]<UL><LI><a href="#[385]">&gt;&gt;</a>&nbsp;&nbsp;&nbsp;WM__InvalidateRect
<LI><a href="#[39a]">&gt;&gt;</a>&nbsp;&nbsp;&nbsp;WM_InvalidateWindowAndDescsEx
<LI><a href="#[37c]">&gt;&gt;</a>&nbsp;&nbsp;&nbsp;WM_InvalidateRect
</UL>

<P><STRONG><a name="[9c]"></a>_OnExit</STRONG> (Thumb, 94 bytes, Stack size 16 bytes, wm.o(i._OnExit))
<BR><BR>[Stack]<UL><LI>Max Depth = 16<LI>Call Chain = _OnExit
</UL>
<BR>[Address Reference Count : 1]<UL><LI> wm.o(i.WM_Init)
</UL>
<P><STRONG><a name="[3ac]"></a>_PaintTransChildren</STRONG> (Thumb, 304 bytes, Stack size 64 bytes, wm.o(i._PaintTransChildren))
<BR><BR>[Stack]<UL><LI>Max Depth = 72 + In Cycle
<LI>Call Chain = _PaintTransChildren &rArr;  _PaintTransChildren (Cycle)
</UL>
<BR>[Calls]<UL><LI><a href="#[373]">&gt;&gt;</a>&nbsp;&nbsp;&nbsp;GUI__IntersectRects
<LI><a href="#[35f]">&gt;&gt;</a>&nbsp;&nbsp;&nbsp;GUI_RectsIntersect
<LI><a href="#[331]">&gt;&gt;</a>&nbsp;&nbsp;&nbsp;GUI_ALLOC_h2p
<LI><a href="#[311]">&gt;&gt;</a>&nbsp;&nbsp;&nbsp;GUI_ALLOC_UnlockH
<LI><a href="#[310]">&gt;&gt;</a>&nbsp;&nbsp;&nbsp;GUI_ALLOC_LockH
<LI><a href="#[3ac]">&gt;&gt;</a>&nbsp;&nbsp;&nbsp;_PaintTransChildren
</UL>
<BR>[Called By]<UL><LI><a href="#[3ac]">&gt;&gt;</a>&nbsp;&nbsp;&nbsp;_PaintTransChildren
<LI><a href="#[387]">&gt;&gt;</a>&nbsp;&nbsp;&nbsp;WM__PaintWinAndOverlays
</UL>

<P><STRONG><a name="[9b]"></a>_cbBackWin</STRONG> (Thumb, 152 bytes, Stack size 16 bytes, wm.o(i._cbBackWin))
<BR><BR>[Stack]<UL><LI>Max Depth = 496 + Unknown Stack Size
<LI>Call Chain = _cbBackWin &rArr; WM_InvalidateRect &rArr; WM__InvalidateRect &rArr;  WM__InvalidateRect (Cycle)
</UL>
<BR>[Calls]<UL><LI><a href="#[179]">&gt;&gt;</a>&nbsp;&nbsp;&nbsp;GUI_SetBkColor
<LI><a href="#[17a]">&gt;&gt;</a>&nbsp;&nbsp;&nbsp;GUI_Clear
<LI><a href="#[34d]">&gt;&gt;</a>&nbsp;&nbsp;&nbsp;GUI_StoreKey
<LI><a href="#[37f]">&gt;&gt;</a>&nbsp;&nbsp;&nbsp;WM__GetClientRectEx
<LI><a href="#[380]">&gt;&gt;</a>&nbsp;&nbsp;&nbsp;WM_SendToParent
<LI><a href="#[37c]">&gt;&gt;</a>&nbsp;&nbsp;&nbsp;WM_InvalidateRect
</UL>
<BR>[Address Reference Count : 1]<UL><LI> wm.o(i.WM_Init)
</UL>
<P><STRONG><a name="[9a]"></a>_cbPaintMemDev</STRONG> (Thumb, 64 bytes, Stack size 24 bytes, wm.o(i._cbPaintMemDev))
<BR><BR>[Stack]<UL><LI>Max Depth = 144<LI>Call Chain = _cbPaintMemDev &rArr; WM__PaintWinAndOverlays &rArr; _PaintTransChildren &rArr;  _PaintTransChildren (Cycle)
</UL>
<BR>[Calls]<UL><LI><a href="#[311]">&gt;&gt;</a>&nbsp;&nbsp;&nbsp;GUI_ALLOC_UnlockH
<LI><a href="#[310]">&gt;&gt;</a>&nbsp;&nbsp;&nbsp;GUI_ALLOC_LockH
<LI><a href="#[387]">&gt;&gt;</a>&nbsp;&nbsp;&nbsp;WM__PaintWinAndOverlays
</UL>
<BR>[Address Reference Count : 1]<UL><LI> wm.o(i.WM_Exec)
</UL>
<P><STRONG><a name="[94]"></a>_OnExit</STRONG> (Thumb, 16 bytes, Stack size 0 bytes, gui_pid.o(i._OnExit))
<BR>[Address Reference Count : 1]<UL><LI> gui_pid.o(i.GUI_PID_StoreState)
</UL>
<P><STRONG><a name="[3ab]"></a>_MoveDescendents</STRONG> (Thumb, 122 bytes, Stack size 72 bytes, wm_move.o(i._MoveDescendents))
<BR><BR>[Stack]<UL><LI>Max Depth = 576 + Unknown Stack Size
 + In Cycle
<LI>Call Chain = _MoveDescendents &rArr;  _MoveDescendents (Cycle)
</UL>
<BR>[Calls]<UL><LI><a href="#[397]">&gt;&gt;</a>&nbsp;&nbsp;&nbsp;GUI_MoveRect
<LI><a href="#[311]">&gt;&gt;</a>&nbsp;&nbsp;&nbsp;GUI_ALLOC_UnlockH
<LI><a href="#[310]">&gt;&gt;</a>&nbsp;&nbsp;&nbsp;GUI_ALLOC_LockH
<LI><a href="#[3ab]">&gt;&gt;</a>&nbsp;&nbsp;&nbsp;_MoveDescendents
<LI><a href="#[37d]">&gt;&gt;</a>&nbsp;&nbsp;&nbsp;WM__SendMessage
</UL>
<BR>[Called By]<UL><LI><a href="#[3ab]">&gt;&gt;</a>&nbsp;&nbsp;&nbsp;_MoveDescendents
<LI><a href="#[39d]">&gt;&gt;</a>&nbsp;&nbsp;&nbsp;WM__MoveWindow
</UL>

<P><STRONG><a name="[ff]"></a>_DrawBitmap</STRONG> (Thumb, 2084 bytes, Stack size 136 bytes, guidev_32.o(i._DrawBitmap))
<BR><BR>[Stack]<UL><LI>Max Depth = 160<LI>Call Chain = _DrawBitmap &rArr; GUI_USAGE_AddRect
</UL>
<BR>[Calls]<UL><LI><a href="#[311]">&gt;&gt;</a>&nbsp;&nbsp;&nbsp;GUI_ALLOC_UnlockH
<LI><a href="#[310]">&gt;&gt;</a>&nbsp;&nbsp;&nbsp;GUI_ALLOC_LockH
<LI><a href="#[3b1]">&gt;&gt;</a>&nbsp;&nbsp;&nbsp;GUI_USAGE_AddRect
</UL>
<BR>[Address Reference Count : 1]<UL><LI> guidev_32.o(.constdata)
</UL>
<P><STRONG><a name="[100]"></a>_DrawHLine</STRONG> (Thumb, 10 bytes, Stack size 8 bytes, guidev_32.o(i._DrawHLine))
<BR><BR>[Stack]<UL><LI>Max Depth = 80<LI>Call Chain = _DrawHLine &rArr; _FillRect &rArr; GUI_USAGE_AddRect
</UL>
<BR>[Calls]<UL><LI><a href="#[102]">&gt;&gt;</a>&nbsp;&nbsp;&nbsp;_FillRect
</UL>
<BR>[Address Reference Count : 1]<UL><LI> guidev_32.o(.constdata)
</UL>
<P><STRONG><a name="[101]"></a>_DrawVLine</STRONG> (Thumb, 248 bytes, Stack size 40 bytes, guidev_32.o(i._DrawVLine))
<BR><BR>[Stack]<UL><LI>Max Depth = 40<LI>Call Chain = _DrawVLine
</UL>
<BR>[Calls]<UL><LI><a href="#[311]">&gt;&gt;</a>&nbsp;&nbsp;&nbsp;GUI_ALLOC_UnlockH
<LI><a href="#[310]">&gt;&gt;</a>&nbsp;&nbsp;&nbsp;GUI_ALLOC_LockH
</UL>
<BR>[Address Reference Count : 1]<UL><LI> guidev_32.o(.constdata)
</UL>
<P><STRONG><a name="[102]"></a>_FillRect</STRONG> (Thumb, 288 bytes, Stack size 48 bytes, guidev_32.o(i._FillRect))
<BR><BR>[Stack]<UL><LI>Max Depth = 72<LI>Call Chain = _FillRect &rArr; GUI_USAGE_AddRect
</UL>
<BR>[Calls]<UL><LI><a href="#[311]">&gt;&gt;</a>&nbsp;&nbsp;&nbsp;GUI_ALLOC_UnlockH
<LI><a href="#[310]">&gt;&gt;</a>&nbsp;&nbsp;&nbsp;GUI_ALLOC_LockH
<LI><a href="#[3b1]">&gt;&gt;</a>&nbsp;&nbsp;&nbsp;GUI_USAGE_AddRect
</UL>
<BR>[Called By]<UL><LI><a href="#[100]">&gt;&gt;</a>&nbsp;&nbsp;&nbsp;_DrawHLine
</UL>
<BR>[Address Reference Count : 1]<UL><LI> guidev_32.o(.constdata)
</UL>
<P><STRONG><a name="[109]"></a>_GetDevData</STRONG> (Thumb, 10 bytes, Stack size 0 bytes, guidev_32.o(i._GetDevData))
<BR>[Address Reference Count : 1]<UL><LI> guidev_32.o(.constdata)
</UL>
<P><STRONG><a name="[107]"></a>_GetDevFunc</STRONG> (Thumb, 10 bytes, Stack size 0 bytes, guidev_32.o(i._GetDevFunc))
<BR>[Address Reference Count : 1]<UL><LI> guidev_32.o(.constdata)
</UL>
<P><STRONG><a name="[108]"></a>_GetDevProp</STRONG> (Thumb, 10 bytes, Stack size 0 bytes, guidev_32.o(i._GetDevProp))
<BR>[Address Reference Count : 1]<UL><LI> guidev_32.o(.constdata)
</UL>
<P><STRONG><a name="[103]"></a>_GetPixelIndex</STRONG> (Thumb, 56 bytes, Stack size 16 bytes, guidev_32.o(i._GetPixelIndex))
<BR><BR>[Stack]<UL><LI>Max Depth = 16<LI>Call Chain = _GetPixelIndex
</UL>
<BR>[Calls]<UL><LI><a href="#[311]">&gt;&gt;</a>&nbsp;&nbsp;&nbsp;GUI_ALLOC_UnlockH
<LI><a href="#[310]">&gt;&gt;</a>&nbsp;&nbsp;&nbsp;GUI_ALLOC_LockH
</UL>
<BR>[Address Reference Count : 1]<UL><LI> guidev_32.o(.constdata)
</UL>
<P><STRONG><a name="[10a]"></a>_GetRect</STRONG> (Thumb, 52 bytes, Stack size 16 bytes, guidev_32.o(i._GetRect))
<BR><BR>[Stack]<UL><LI>Max Depth = 16<LI>Call Chain = _GetRect
</UL>
<BR>[Calls]<UL><LI><a href="#[311]">&gt;&gt;</a>&nbsp;&nbsp;&nbsp;GUI_ALLOC_UnlockH
<LI><a href="#[310]">&gt;&gt;</a>&nbsp;&nbsp;&nbsp;GUI_ALLOC_LockH
</UL>
<BR>[Address Reference Count : 1]<UL><LI> guidev_32.o(.constdata)
</UL>
<P><STRONG><a name="[106]"></a>_SetOrg</STRONG> (Thumb, 8 bytes, Stack size 0 bytes, guidev_32.o(i._SetOrg))
<BR>[Address Reference Count : 1]<UL><LI> guidev_32.o(.constdata)
</UL>
<P><STRONG><a name="[104]"></a>_SetPixelIndex</STRONG> (Thumb, 106 bytes, Stack size 32 bytes, guidev_32.o(i._SetPixelIndex))
<BR><BR>[Stack]<UL><LI>Max Depth = 32<LI>Call Chain = _SetPixelIndex
</UL>
<BR>[Calls]<UL><LI><a href="#[311]">&gt;&gt;</a>&nbsp;&nbsp;&nbsp;GUI_ALLOC_UnlockH
<LI><a href="#[310]">&gt;&gt;</a>&nbsp;&nbsp;&nbsp;GUI_ALLOC_LockH
</UL>
<BR>[Address Reference Count : 1]<UL><LI> guidev_32.o(.constdata)
</UL>
<P><STRONG><a name="[105]"></a>_XorPixel</STRONG> (Thumb, 118 bytes, Stack size 32 bytes, guidev_32.o(i._XorPixel))
<BR><BR>[Stack]<UL><LI>Max Depth = 32<LI>Call Chain = _XorPixel
</UL>
<BR>[Calls]<UL><LI><a href="#[311]">&gt;&gt;</a>&nbsp;&nbsp;&nbsp;GUI_ALLOC_UnlockH
<LI><a href="#[310]">&gt;&gt;</a>&nbsp;&nbsp;&nbsp;GUI_ALLOC_LockH
</UL>
<BR>[Address Reference Count : 1]<UL><LI> guidev_32.o(.constdata)
</UL>
<P><STRONG><a name="[10c]"></a>GUI_USAGE_BM_AddHLine</STRONG> (Thumb, 120 bytes, Stack size 16 bytes, guidev_usagebm.o(i.GUI_USAGE_BM_AddHLine))
<BR><BR>[Stack]<UL><LI>Max Depth = 16 + Unknown Stack Size
<LI>Call Chain = GUI_USAGE_BM_AddHLine
</UL>
<BR>[Calls]<UL><LI><a href="#[156]">&gt;&gt;</a>&nbsp;&nbsp;&nbsp;__aeabi_memset
</UL>
<BR>[Address Reference Count : 1]<UL><LI> guidev_usagebm.o(.constdata)
</UL>
<P><STRONG><a name="[10b]"></a>GUI_USAGE_BM_AddPixel</STRONG> (Thumb, 46 bytes, Stack size 0 bytes, guidev_usagebm.o(i.GUI_USAGE_BM_AddPixel))
<BR>[Address Reference Count : 1]<UL><LI> guidev_usagebm.o(.constdata)
</UL>
<P><STRONG><a name="[10d]"></a>GUI_USAGE_BM_Clear</STRONG> (Thumb, 14 bytes, Stack size 0 bytes, guidev_usagebm.o(i.GUI_USAGE_BM_Clear))
<BR><BR>[Stack]<UL><LI>Max Depth = 4<LI>Call Chain = GUI_USAGE_BM_Clear &rArr; __aeabi_memclr4
</UL>
<BR>[Calls]<UL><LI><a href="#[149]">&gt;&gt;</a>&nbsp;&nbsp;&nbsp;__aeabi_memclr4
</UL>
<BR>[Address Reference Count : 1]<UL><LI> guidev_usagebm.o(.constdata)
</UL>
<P><STRONG><a name="[10f]"></a>GUI_USAGE_BM_GetNextDirty</STRONG> (Thumb, 196 bytes, Stack size 8 bytes, guidev_usagebm.o(i.GUI_USAGE_BM_GetNextDirty))
<BR><BR>[Stack]<UL><LI>Max Depth = 8<LI>Call Chain = GUI_USAGE_BM_GetNextDirty
</UL>
<BR>[Address Reference Count : 1]<UL><LI> guidev_usagebm.o(.constdata)
</UL>
<P><STRONG><a name="[10e]"></a>_GUI_USAGE_BM_Delete</STRONG> (Thumb, 4 bytes, Stack size 0 bytes, guidev_usagebm.o(i._GUI_USAGE_BM_Delete))
<BR><BR>[Stack]<UL><LI>Max Depth = 344 + Unknown Stack Size
<LI>Call Chain = _GUI_USAGE_BM_Delete &rArr; GUI_ALLOC_Free &rArr; GUI_Lock &rArr; GUI_X_Lock &rArr; GUI_X_InitOS &rArr; xQueueCreateMutex &rArr; xQueueGenericSend &rArr; prvUnlockQueue &rArr; prvNotifyQueueSetContainer &rArr; prvCopyDataToQueue &rArr; xTaskPriorityDisinherit &rArr; __2printf &rArr; _printf_char_file &rArr; _printf_char_common &rArr; __printf
</UL>
<BR>[Calls]<UL><LI><a href="#[2e0]">&gt;&gt;</a>&nbsp;&nbsp;&nbsp;GUI_ALLOC_Free
</UL>
<BR>[Address Reference Count : 1]<UL><LI> guidev_usagebm.o(.constdata)
</UL>
<P><STRONG><a name="[3a3]"></a>_Screen2hWin</STRONG> (Thumb, 128 bytes, Stack size 32 bytes, wm_screen2win.o(i._Screen2hWin))
<BR><BR>[Stack]<UL><LI>Max Depth = 32 + In Cycle
<LI>Call Chain = _Screen2hWin &rArr;  _Screen2hWin (Cycle)
</UL>
<BR>[Calls]<UL><LI><a href="#[331]">&gt;&gt;</a>&nbsp;&nbsp;&nbsp;GUI_ALLOC_h2p
<LI><a href="#[311]">&gt;&gt;</a>&nbsp;&nbsp;&nbsp;GUI_ALLOC_UnlockH
<LI><a href="#[310]">&gt;&gt;</a>&nbsp;&nbsp;&nbsp;GUI_ALLOC_LockH
<LI><a href="#[3a3]">&gt;&gt;</a>&nbsp;&nbsp;&nbsp;_Screen2hWin
</UL>
<BR>[Called By]<UL><LI><a href="#[3a3]">&gt;&gt;</a>&nbsp;&nbsp;&nbsp;_Screen2hWin
<LI><a href="#[38d]">&gt;&gt;</a>&nbsp;&nbsp;&nbsp;WM_Screen2hWin
</UL>

<P><STRONG><a name="[345]"></a>_CreateBuffer</STRONG> (Thumb, 170 bytes, Stack size 24 bytes, gui_sprite.o(i._CreateBuffer))
<BR><BR>[Stack]<UL><LI>Max Depth = 408 + Unknown Stack Size
<LI>Call Chain = _CreateBuffer &rArr; GUI_ALLOC_GetMaxSize &rArr; _InitOnce &rArr; _EnlargeBlocks &rArr; GUI_Lock &rArr; GUI_X_Lock &rArr; GUI_X_InitOS &rArr; xQueueCreateMutex &rArr; xQueueGenericSend &rArr; prvUnlockQueue &rArr; prvNotifyQueueSetContainer &rArr; prvCopyDataToQueue &rArr; xTaskPriorityDisinherit &rArr; __2printf &rArr; _printf_char_file &rArr; _printf_char_common &rArr; __printf
</UL>
<BR>[Calls]<UL><LI><a href="#[31b]">&gt;&gt;</a>&nbsp;&nbsp;&nbsp;GUI_DEVICE__GetpDriver
<LI><a href="#[310]">&gt;&gt;</a>&nbsp;&nbsp;&nbsp;GUI_ALLOC_LockH
<LI><a href="#[2e5]">&gt;&gt;</a>&nbsp;&nbsp;&nbsp;GUI_ALLOC_GetMaxSize
<LI><a href="#[2dd]">&gt;&gt;</a>&nbsp;&nbsp;&nbsp;GUI_ALLOC_AllocNoInit
</UL>
<BR>[Called By]<UL><LI><a href="#[2ea]">&gt;&gt;</a>&nbsp;&nbsp;&nbsp;GUI_SPRITE_SetPosition
</UL>

<P><STRONG><a name="[348]"></a>_GetBkIndexAlpha</STRONG> (Thumb, 130 bytes, Stack size 32 bytes, gui_sprite.o(i._GetBkIndexAlpha))
<BR><BR>[Stack]<UL><LI>Max Depth = 32<LI>Call Chain = _GetBkIndexAlpha
</UL>
<BR>[Calls]<UL><LI><a href="#[346]">&gt;&gt;</a>&nbsp;&nbsp;&nbsp;GUI_GetBitmapPixelIndex
</UL>
<BR>[Called By]<UL><LI><a href="#[2ea]">&gt;&gt;</a>&nbsp;&nbsp;&nbsp;GUI_SPRITE_SetPosition
</UL>

<P><STRONG><a name="[349]"></a>_ReleaseBuffer</STRONG> (Thumb, 132 bytes, Stack size 56 bytes, gui_sprite.o(i._ReleaseBuffer))
<BR><BR>[Stack]<UL><LI>Max Depth = 400 + Unknown Stack Size
<LI>Call Chain = _ReleaseBuffer &rArr; GUI_ALLOC_Free &rArr; GUI_Lock &rArr; GUI_X_Lock &rArr; GUI_X_InitOS &rArr; xQueueCreateMutex &rArr; xQueueGenericSend &rArr; prvUnlockQueue &rArr; prvNotifyQueueSetContainer &rArr; prvCopyDataToQueue &rArr; xTaskPriorityDisinherit &rArr; __2printf &rArr; _printf_char_file &rArr; _printf_char_common &rArr; __printf
</UL>
<BR>[Calls]<UL><LI><a href="#[311]">&gt;&gt;</a>&nbsp;&nbsp;&nbsp;GUI_ALLOC_UnlockH
<LI><a href="#[2e0]">&gt;&gt;</a>&nbsp;&nbsp;&nbsp;GUI_ALLOC_Free
<LI><a href="#[339]">&gt;&gt;</a>&nbsp;&nbsp;&nbsp;GUI__CompactPixelIndices
</UL>
<BR>[Called By]<UL><LI><a href="#[2ea]">&gt;&gt;</a>&nbsp;&nbsp;&nbsp;GUI_SPRITE_SetPosition
</UL>

<P><STRONG><a name="[347]"></a>_SetBkIndexBuffered</STRONG> (Thumb, 184 bytes, Stack size 64 bytes, gui_sprite.o(i._SetBkIndexBuffered))
<BR><BR>[Stack]<UL><LI>Max Depth = 72<LI>Call Chain = _SetBkIndexBuffered &rArr; GUI__CompactPixelIndices
</UL>
<BR>[Calls]<UL><LI><a href="#[339]">&gt;&gt;</a>&nbsp;&nbsp;&nbsp;GUI__CompactPixelIndices
</UL>
<BR>[Called By]<UL><LI><a href="#[2ea]">&gt;&gt;</a>&nbsp;&nbsp;&nbsp;GUI_SPRITE_SetPosition
</UL>

<P><STRONG><a name="[335]"></a>_WriteToActiveAlpha</STRONG> (Thumb, 402 bytes, Stack size 136 bytes, guidev_writetoactivealpha.o(i._WriteToActiveAlpha))
<BR><BR>[Stack]<UL><LI>Max Depth = 664 + Unknown Stack Size
<LI>Call Chain = _WriteToActiveAlpha &rArr; GUI__DoAlphaBlending &rArr; GUI__GetAlphaBuffer &rArr; GUI_ALLOC_GetFixedBlock &rArr; _InitOnce &rArr; _EnlargeBlocks &rArr; GUI_Lock &rArr; GUI_X_Lock &rArr; GUI_X_InitOS &rArr; xQueueCreateMutex &rArr; xQueueGenericSend &rArr; prvUnlockQueue &rArr; prvNotifyQueueSetContainer &rArr; prvCopyDataToQueue &rArr; xTaskPriorityDisinherit &rArr; __2printf &rArr; _printf_char_file &rArr; _printf_char_common &rArr; __printf
</UL>
<BR>[Calls]<UL><LI><a href="#[362]">&gt;&gt;</a>&nbsp;&nbsp;&nbsp;GUI__DoAlphaBlending
<LI><a href="#[35a]">&gt;&gt;</a>&nbsp;&nbsp;&nbsp;GUI__AllocAlphaBuffer
<LI><a href="#[2d6]">&gt;&gt;</a>&nbsp;&nbsp;&nbsp;LCD_DrawBitmap
<LI><a href="#[311]">&gt;&gt;</a>&nbsp;&nbsp;&nbsp;GUI_ALLOC_UnlockH
<LI><a href="#[310]">&gt;&gt;</a>&nbsp;&nbsp;&nbsp;GUI_ALLOC_LockH
<LI><a href="#[35d]">&gt;&gt;</a>&nbsp;&nbsp;&nbsp;GUI__CompactPixelIndicesEx
<LI><a href="#[32b]">&gt;&gt;</a>&nbsp;&nbsp;&nbsp;GUI_MEMDEV_GetDataPtr
</UL>
<BR>[Called By]<UL><LI><a href="#[b1]">&gt;&gt;</a>&nbsp;&nbsp;&nbsp;GUI_MEMDEV__WriteToActiveAlpha
</UL>

<P><STRONG><a name="[6f]"></a>_printf_input_char</STRONG> (Thumb, 10 bytes, Stack size 0 bytes, _printf_char_common.o(.text))
<BR>[Address Reference Count : 1]<UL><LI> _printf_char_common.o(.text)
</UL><P>
<H3>
Undefined Global Symbols
</H3><HR></body></html>
